Archive member included because of file (symbol)

./gr_common/lib/DSP/utility/libGNU_RX_DSP_Little.a(r_dsp_statisticalmean_f32.obj)
                              ./gr_common/lib/DSP/DSP.o (R_DSP_Mean_f32)
./gr_common/lib/DSP/utility/libGNU_RX_DSP_Little.a(r_dsp_statisticalmean_i16.obj)
                              ./gr_common/lib/DSP/DSP.o (R_DSP_Mean_i16)
./gr_common/lib/DSP/utility/libGNU_RX_DSP_Little.a(r_dsp_statisticalmean_i32.obj)
                              ./gr_common/lib/DSP/DSP.o (R_DSP_Mean_i32)
C:/Renesas/e2studio/GNURXv14.03-ELF/rx-elf/rx-elf/rx-elf/lib/64-bit-double\libstdc++.a(si_class_type_info.o)
                              ./Adafruit-GFX-Library-master/Adafruit_GFX.o (vtable for __cxxabiv1::__si_class_type_info)
C:/Renesas/e2studio/GNURXv14.03-ELF/rx-elf/rx-elf/rx-elf/lib/64-bit-double\libstdc++.a(class_type_info.o)
                              C:/Renesas/e2studio/GNURXv14.03-ELF/rx-elf/rx-elf/rx-elf/lib/64-bit-double\libstdc++.a(si_class_type_info.o) (__cxxabiv1::__class_type_info::__do_upcast(__cxxabiv1::__class_type_info const*, void**) const)
C:/Renesas/e2studio/GNURXv14.03-ELF/rx-elf/rx-elf/rx-elf/lib/64-bit-double\libstdc++.a(eh_personality.o)
                              ./gr_common/core/Stream.o (__gxx_personality_sj0)
C:/Renesas/e2studio/GNURXv14.03-ELF/rx-elf/rx-elf/rx-elf/lib/64-bit-double\libstdc++.a(eh_alloc.o)
                              C:/Renesas/e2studio/GNURXv14.03-ELF/rx-elf/rx-elf/rx-elf/lib/64-bit-double\libstdc++.a(eh_personality.o) (__cxa_allocate_exception)
C:/Renesas/e2studio/GNURXv14.03-ELF/rx-elf/rx-elf/rx-elf/lib/64-bit-double\libstdc++.a(eh_exception.o)
                              C:/Renesas/e2studio/GNURXv14.03-ELF/rx-elf/rx-elf/rx-elf/lib/64-bit-double\libstdc++.a(eh_personality.o) (std::bad_exception::~bad_exception())
C:/Renesas/e2studio/GNURXv14.03-ELF/rx-elf/rx-elf/rx-elf/lib/64-bit-double\libstdc++.a(eh_call.o)
                              C:/Renesas/e2studio/GNURXv14.03-ELF/rx-elf/rx-elf/rx-elf/lib/64-bit-double\libstdc++.a(eh_personality.o) (__cxa_call_terminate)
C:/Renesas/e2studio/GNURXv14.03-ELF/rx-elf/rx-elf/rx-elf/lib/64-bit-double\libstdc++.a(tinfo.o)
                              C:/Renesas/e2studio/GNURXv14.03-ELF/rx-elf/rx-elf/rx-elf/lib/64-bit-double\libstdc++.a(class_type_info.o) (std::type_info::~type_info())
C:/Renesas/e2studio/GNURXv14.03-ELF/rx-elf/rx-elf/rx-elf/lib/64-bit-double\libstdc++.a(eh_globals.o)
                              C:/Renesas/e2studio/GNURXv14.03-ELF/rx-elf/rx-elf/rx-elf/lib/64-bit-double\libstdc++.a(eh_personality.o) (__cxa_get_globals_fast)
C:/Renesas/e2studio/GNURXv14.03-ELF/rx-elf/rx-elf/rx-elf/lib/64-bit-double\libstdc++.a(eh_throw.o)
                              C:/Renesas/e2studio/GNURXv14.03-ELF/rx-elf/rx-elf/rx-elf/lib/64-bit-double\libstdc++.a(eh_personality.o) (__cxa_throw)
C:/Renesas/e2studio/GNURXv14.03-ELF/rx-elf/rx-elf/rx-elf/lib/64-bit-double\libstdc++.a(eh_catch.o)
                              C:/Renesas/e2studio/GNURXv14.03-ELF/rx-elf/rx-elf/rx-elf/lib/64-bit-double\libstdc++.a(eh_personality.o) (__cxa_begin_catch)
C:/Renesas/e2studio/GNURXv14.03-ELF/rx-elf/rx-elf/rx-elf/lib/64-bit-double\libstdc++.a(eh_terminate.o)
                              C:/Renesas/e2studio/GNURXv14.03-ELF/rx-elf/rx-elf/rx-elf/lib/64-bit-double\libstdc++.a(eh_personality.o) (__cxxabiv1::__terminate(void (*)()))
C:/Renesas/e2studio/GNURXv14.03-ELF/rx-elf/rx-elf/rx-elf/lib/64-bit-double\libstdc++.a(eh_unex_handler.o)
                              C:/Renesas/e2studio/GNURXv14.03-ELF/rx-elf/rx-elf/rx-elf/lib/64-bit-double\libstdc++.a(eh_throw.o) (__cxxabiv1::__unexpected_handler)
C:/Renesas/e2studio/GNURXv14.03-ELF/rx-elf/rx-elf/rx-elf/lib/64-bit-double\libstdc++.a(eh_term_handler.o)
                              C:/Renesas/e2studio/GNURXv14.03-ELF/rx-elf/rx-elf/rx-elf/lib/64-bit-double\libstdc++.a(eh_throw.o) (__cxxabiv1::__terminate_handler)
C:/Renesas/e2studio/GNURXv14.03-ELF/rx-elf/rx-elf/rx-elf/lib/64-bit-double\libsim.a(abort.o)
                              C:/Renesas/e2studio/GNURXv14.03-ELF/rx-elf/rx-elf/rx-elf/lib/64-bit-double\libstdc++.a(eh_personality.o) (abort)
C:/Renesas/e2studio/GNURXv14.03-ELF/rx-elf/rx-elf/rx-elf/lib/64-bit-double\libsim.a(exit.o)
                              C:/Renesas/e2studio/GNURXv14.03-ELF/rx-elf/rx-elf/rx-elf/lib/64-bit-double\libsim.a(abort.o) (_exit)
C:/Renesas/e2studio/GNURXv14.03-ELF/rx-elf/rx-elf/rx-elf/lib/64-bit-double\libm.a(lib_a-s_fpclassify.o)
                              ./gr_common/core/Print.o (__fpclassifyd)
C:/Renesas/e2studio/GNURXv14.03-ELF/rx-elf/rx-elf/rx-elf/lib/64-bit-double\libc.a(lib_a-assert.o)
                              ./gr_common/core/usb_cdc.o (__assert_func)
C:/Renesas/e2studio/GNURXv14.03-ELF/rx-elf/rx-elf/rx-elf/lib/64-bit-double\libc.a(lib_a-atof.o)
                              ./gr_common/core/WString.o (atof)
[...]
Memory Configuration

Name             Origin             Length             Attributes
RAM              0x00000000         0x00040000
ROM              0xffe00000         0x00200000
*default*        0x00000000         0xffffffff

Linker script and memory map

LOAD ./gr_sketch.o
LOAD ./Adafruit-GFX-Library-master/Adafruit_GFX.o
LOAD ./Adafruit-GFX-Library-master/Adafruit_SPITFT.o
LOAD ./Adafruit_SSD1306-master_Wire1/Adafruit_SSD1306_Wire1.o
LOAD ./gr_common/core/HardwareSerial.o
LOAD ./gr_common/core/main.o
LOAD ./gr_common/core/MsTimer2.o
LOAD ./gr_common/core/new.o
LOAD ./gr_common/core/Print.o
LOAD ./gr_common/core/Stream.o
LOAD ./gr_common/core/Tone.o
LOAD ./gr_common/core/utilities.o
LOAD ./gr_common/core/WMath.o
LOAD ./gr_common/core/WString.o
LOAD ./gr_common/lib/DSP/DSP.o
LOAD ./gr_common/lib/EEPROM/EEPROM.o
LOAD ./gr_common/lib/Firmata/Firmata.o
LOAD ./gr_common/lib/LiquidCrystal/LiquidCrystal.o
LOAD ./gr_common/lib/RTC/RTC.o
LOAD ./gr_common/lib/RTC/utility/RX63_RTC.o
LOAD ./gr_common/lib/SD/File.o
LOAD ./gr_common/lib/SD/SD.o
LOAD ./gr_common/lib/SD/utility/Sd2Card.o
LOAD ./gr_common/lib/SD/utility/SdFile.o
LOAD ./gr_common/lib/SD/utility/SdVolume.o
LOAD ./gr_common/lib/Servo/Servo.o
LOAD ./gr_common/lib/SoftwareSerial/SoftwareSerial.o
LOAD ./gr_common/lib/SPI/SPI.o
LOAD ./gr_common/lib/Stepper/Stepper.o
LOAD ./gr_common/lib/Wire/Wire.o
LOAD ./gr_common/lib/Wire/utility/I2cMaster.o
LOAD ./gr_common/rx63n/exception_handler.o
LOAD ./gr_common/rx63n/hardware_setup.o
LOAD ./MH-Z19/mh-z19.o
LOAD ./OLED/oled.o
LOAD ./WavMp3p/WavMp3p.o
LOAD ./WavMp3p/utility/wavmp3p_play.o
LOAD ./Adafruit-GFX-Library-master/glcdfont.o
LOAD ./gr_common/core/usbdescriptors.o
LOAD ./gr_common/core/usb_cdc.o
LOAD ./gr_common/core/usb_core.o
LOAD ./gr_common/core/usb_hal.o
LOAD ./gr_common/core/WInterrupts.o
LOAD ./gr_common/core/wiring.o
LOAD ./gr_common/core/wiring_analog.o
LOAD ./gr_common/core/wiring_digital.o
LOAD ./gr_common/core/wiring_pulse.o
LOAD ./gr_common/core/wiring_shift.o
LOAD ./gr_common/core/avr/avrlib.o
LOAD ./gr_common/lib/EEPROM/utility/r_flash_api_rx600.o
LOAD ./gr_common/lib/Wire/utility/twi_rx.o
LOAD ./gr_common/rx63n/interrupt_handlers.o
LOAD ./gr_common/rx63n/reboot.o
LOAD ./gr_common/rx63n/util.o
LOAD ./gr_common/rx63n/vector_table.o
LOAD ./WavMp3p/libmad-0.15.1b/bit.o
LOAD ./WavMp3p/libmad-0.15.1b/decoder.o
LOAD ./WavMp3p/libmad-0.15.1b/fixed.o
LOAD ./WavMp3p/libmad-0.15.1b/frame.o
LOAD ./WavMp3p/libmad-0.15.1b/huffman.o
LOAD ./WavMp3p/libmad-0.15.1b/layer12.o
LOAD ./WavMp3p/libmad-0.15.1b/layer3.o
LOAD ./WavMp3p/libmad-0.15.1b/minimad.o
LOAD ./WavMp3p/libmad-0.15.1b/stream.o
LOAD ./WavMp3p/libmad-0.15.1b/synth.o
LOAD ./WavMp3p/libmad-0.15.1b/timer.o
LOAD ./WavMp3p/libmad-0.15.1b/version.o
LOAD ./WavMp3p/utility/wavmp3p_audio.o
LOAD ./WavMp3p/utility/wavmp3p_ctrl.o
LOAD ./WavMp3p/utility/wavmp3p_dma.o
LOAD ./WavMp3p/utility/wavmp3p_gpio.o
LOAD ./WavMp3p/utility/wavmp3p_icu.o
LOAD ./WavMp3p/utility/wavmp3p_init.o
LOAD ./WavMp3p/utility/wavmp3p_play_mp3.o
LOAD ./WavMp3p/utility/wavmp3p_play_wav.o
LOAD ./WavMp3p/utility/wavmp3p_pwm.o
LOAD ./gr_common/rx63n/reset_program.o
LOAD ./gr_common/lib/DSP/utility/libGNU_RX_DSP_Little.a

.text           0xffe00000    0x1ddd7
 *(.text)
 .text          0xffe00000       0xa8 ./gr_common/rx63n/reset_program.o
                0xffe00000                PowerON_Reset
                0xffe0005d                rx_run_preinit_array
                0xffe0006d                rx_run_init_array
                0xffe0007f                rx_run_fini_array
 .text          0xffe000a8       0x17 C:/Renesas/e2studio/GNURXv14.03-ELF/rx-elf/rx-elf/rx-elf/lib/64-bit-double\libc.a(lib_a-memmove.o)
                0xffe000a8                memmove
 .text          0xffe000bf        0x7 C:/Renesas/e2studio/GNURXv14.03-ELF/rx-elf/rx-elf/rx-elf/lib/64-bit-double\libc.a(lib_a-memset.o)
                0xffe000bf                memset
 .text          0xffe000c6       0x10 C:/Renesas/e2studio/GNURXv14.03-ELF/rx-elf/rx-elf/rx-elf/lib/64-bit-double\libc.a(lib_a-strlen.o)
                0xffe000c6                strlen
 .text          0xffe000d6        0xc C:/Renesas/e2studio/GNURXv14.03-ELF/rx-elf/rx-elf/rx-elf/lib/64-bit-double\libc.a(lib_a-strncmp.o)
                0xffe000d6                strncmp
 .text          0xffe000e2       0x15 C:/Renesas/e2studio/GNURXv14.03-ELF/rx-elf/rx-elf/rx-elf/lib/64-bit-double\libc.a(lib_a-strncpy.o)
                0xffe000e2                strncpy
 .text          0xffe000f7        0xf C:/Renesas/e2studio/GNURXv14.03-ELF/rx-elf/rx-elf/rx-elf/lib/64-bit-double\libc.a(lib_a-memchr.o)
                0xffe000f7                memchr
 .text          0xffe00106        0x7 C:/Renesas/e2studio/GNURXv14.03-ELF/rx-elf/rx-elf/rx-elf/lib/64-bit-double\libc.a(lib_a-memcpy.o)
                0xffe00106                memcpy
 .text          0xffe0010d        0xf C:/Renesas/e2studio/GNURXv14.03-ELF/rx-elf/rx-elf/rx-elf/lib/64-bit-double\libc.a(lib_a-strcmp.o)
                0xffe0010d                strcmp
 *(.text.*)
 .text._ZL14cyclic_handlerv
                0xffe0011c       0x5d ./gr_sketch.o
 .text.setup    0xffe00179       0xf0 ./gr_sketch.o
                0xffe00179                setup
 .text.loop     0xffe00269      0x10a ./gr_sketch.o
                0xffe00269                loop
 .text.startup._GLOBAL__sub_I_solOut
                0xffe00373        0xf ./gr_sketch.o
 .text._ZN12Adafruit_GFX9writeLineEsssst
                0xffe00382       0xf0 ./Adafruit-GFX-Library-master/Adafruit_GFX.o
                0xffe00382                Adafruit_GFX::writeLine(short, short, short, short, unsigned short)
 .text._ZN12Adafruit_GFX10startWriteEv
                0xffe00472        0x1 ./Adafruit-GFX-Library-master/Adafruit_GFX.o
                0xffe00472                Adafruit_GFX::startWrite()
 .text._ZN12Adafruit_GFX10writePixelEsst
                0xffe00473        0x8 ./Adafruit-GFX-Library-master/Adafruit_GFX.o
                0xffe00473                Adafruit_GFX::writePixel(short, short, unsigned short)
 .text._ZN12Adafruit_GFX14writeFastVLineEssst
                0xffe0047b        0xe ./Adafruit-GFX-Library-master/Adafruit_GFX.o
                0xffe0047b                Adafruit_GFX::writeFastVLine(short, short, short, unsigned short)
 .text._ZN12Adafruit_GFX14writeFastHLineEssst
                0xffe00489        0xe ./Adafruit-GFX-Library-master/Adafruit_GFX.o
                0xffe00489                Adafruit_GFX::writeFastHLine(short, short, short, unsigned short)
 .text._ZN12Adafruit_GFX13writeFillRectEsssst
                0xffe00497       0x19 ./Adafruit-GFX-Library-master/Adafruit_GFX.o
                0xffe00497                Adafruit_GFX::writeFillRect(short, short, short, short, unsigned short)
 .text._ZN12Adafruit_GFX8endWriteEv
                0xffe004b0        0x1 ./Adafruit-GFX-Library-master/Adafruit_GFX.o
                0xffe004b0                Adafruit_GFX::endWrite()
 .text._ZN12Adafruit_GFX13drawFastVLineEssst
                0xffe004b1       0x3b ./Adafruit-GFX-Library-master/Adafruit_GFX.o
                0xffe004b1                Adafruit_GFX::drawFastVLine(short, short, short, unsigned short)
 .text._ZN12Adafruit_GFX13drawFastHLineEssst
                0xffe004ec       0x3a ./Adafruit-GFX-Library-master/Adafruit_GFX.o
                0xffe004ec                Adafruit_GFX::drawFastHLine(short, short, short, unsigned short)
 .text._ZN12Adafruit_GFX8fillRectEsssst
                0xffe00526       0x4b ./Adafruit-GFX-Library-master/Adafruit_GFX.o
                0xffe00526                Adafruit_GFX::fillRect(short, short, short, short, unsigned short)
 .text._ZN12Adafruit_GFX10fillScreenEt
                0xffe00571       0x16 ./Adafruit-GFX-Library-master/Adafruit_GFX.o
                0xffe00571                Adafruit_GFX::fillScreen(unsigned short)
 .text._ZN12Adafruit_GFX8drawLineEsssst
                0xffe00587       0x88 ./Adafruit-GFX-Library-master/Adafruit_GFX.o
                0xffe00587                Adafruit_GFX::drawLine(short, short, short, short, unsigned short)
 .text._ZN12Adafruit_GFX8drawRectEsssst
                0xffe0060f       0x73 ./Adafruit-GFX-Library-master/Adafruit_GFX.o
                0xffe0060f                Adafruit_GFX::drawRect(short, short, short, short, unsigned short)
 .text._ZN12Adafruit_GFX13invertDisplayEb
                0xffe00682        0x1 ./Adafruit-GFX-Library-master/Adafruit_GFX.o
                0xffe00682                Adafruit_GFX::invertDisplay(bool)
 .text._ZN10GFXcanvas19drawPixelEsst
                0xffe00683       0xb1 ./Adafruit-GFX-Library-master/Adafruit_GFX.o
                0xffe00683                GFXcanvas1::drawPixel(short, short, unsigned short)
 .text._ZN10GFXcanvas89drawPixelEsst
                0xffe00734       0x6d ./Adafruit-GFX-Library-master/Adafruit_GFX.o
                0xffe00734                GFXcanvas8::drawPixel(short, short, unsigned short)
 .text._ZN11GFXcanvas169drawPixelEsst
                0xffe007a1       0x70 ./Adafruit-GFX-Library-master/Adafruit_GFX.o
                0xffe007a1                GFXcanvas16::drawPixel(short, short, unsigned short)
 .text._ZN10GFXcanvas110fillScreenEt
                0xffe00811       0x2c ./Adafruit-GFX-Library-master/Adafruit_GFX.o
                0xffe00811                GFXcanvas1::fillScreen(unsigned short)
 .text._ZN10GFXcanvas810fillScreenEt
                0xffe0083d       0x12 ./Adafruit-GFX-Library-master/Adafruit_GFX.o
                0xffe0083d                GFXcanvas8::fillScreen(unsigned short)
 .text._ZN10GFXcanvas814writeFastHLineEssst
                0xffe0084f       0x91 ./Adafruit-GFX-Library-master/Adafruit_GFX.o
                0xffe0084f                GFXcanvas8::writeFastHLine(short, short, short, unsigned short)
 .text._ZN11GFXcanvas1610fillScreenEt
                0xffe008e0       0x38 ./Adafruit-GFX-Library-master/Adafruit_GFX.o
                0xffe008e0                GFXcanvas16::fillScreen(unsigned short)
 .text._ZN12Adafruit_GFX11setRotationEh
                0xffe00918       0x1f ./Adafruit-GFX-Library-master/Adafruit_GFX.o
                0xffe00918                Adafruit_GFX::setRotation(unsigned char)
 .text._ZN12Adafruit_GFXC2Ess
                0xffe00937       0x2f ./Adafruit-GFX-Library-master/Adafruit_GFX.o
                0xffe00937                Adafruit_GFX::Adafruit_GFX(short, short)
                0xffe00937                Adafruit_GFX::Adafruit_GFX(short, short)
 .text._ZN12Adafruit_GFX10drawCircleEssst
                0xffe00966      0x164 ./Adafruit-GFX-Library-master/Adafruit_GFX.o
                0xffe00966                Adafruit_GFX::drawCircle(short, short, short, unsigned short)
 .text._ZN12Adafruit_GFX16drawCircleHelperEsssht
                0xffe00aca      0x154 ./Adafruit-GFX-Library-master/Adafruit_GFX.o
                0xffe00aca                Adafruit_GFX::drawCircleHelper(short, short, short, unsigned char, unsigned short)
 .text._ZN12Adafruit_GFX16fillCircleHelperEssshst
                0xffe00c1e      0x110 ./Adafruit-GFX-Library-master/Adafruit_GFX.o
                0xffe00c1e                Adafruit_GFX::fillCircleHelper(short, short, short, unsigned char, short, unsigned short)
 .text._ZN12Adafruit_GFX10fillCircleEssst
                0xffe00d2e       0x4c ./Adafruit-GFX-Library-master/Adafruit_GFX.o
                0xffe00d2e                Adafruit_GFX::fillCircle(short, short, short, unsigned short)
 .text._ZN12Adafruit_GFX13drawRoundRectEssssst
                0xffe00d7a       0xe8 ./Adafruit-GFX-Library-master/Adafruit_GFX.o
                0xffe00d7a                Adafruit_GFX::drawRoundRect(short, short, short, short, short, unsigned short)
 .text._ZN12Adafruit_GFX13fillRoundRectEssssst
                0xffe00e62       0x82 ./Adafruit-GFX-Library-master/Adafruit_GFX.o
                0xffe00e62                Adafruit_GFX::fillRoundRect(short, short, short, short, short, unsigned short)
 .text._ZN12Adafruit_GFX12drawTriangleEsssssst
                0xffe00ee4       0x52 ./Adafruit-GFX-Library-master/Adafruit_GFX.o
                0xffe00ee4                Adafruit_GFX::drawTriangle(short, short, short, short, short, short, unsigned short)
 .text._ZN12Adafruit_GFX12fillTriangleEsssssst
                0xffe00f36      0x20b ./Adafruit-GFX-Library-master/Adafruit_GFX.o
                0xffe00f36                Adafruit_GFX::fillTriangle(short, short, short, short, short, short, unsigned short)
 .text._ZN12Adafruit_GFX10drawBitmapEssPKhsst
                0xffe01141       0xb9 ./Adafruit-GFX-Library-master/Adafruit_GFX.o
                0xffe01141                Adafruit_GFX::drawBitmap(short, short, unsigned char const*, short, short, unsigned short)
 .text._ZN12Adafruit_GFX10drawBitmapEssPKhsstt
                0xffe011fa       0xcd ./Adafruit-GFX-Library-master/Adafruit_GFX.o
                0xffe011fa                Adafruit_GFX::drawBitmap(short, short, unsigned char const*, short, short, unsigned short, unsigned short)
 .text._ZN12Adafruit_GFX10drawBitmapEssPhsst
                0xffe012c7       0xb9 ./Adafruit-GFX-Library-master/Adafruit_GFX.o
                0xffe012c7                Adafruit_GFX::drawBitmap(short, short, unsigned char*, short, short, unsigned short)
 .text._ZN12Adafruit_GFX10drawBitmapEssPhsstt
                0xffe01380       0xcd ./Adafruit-GFX-Library-master/Adafruit_GFX.o
                0xffe01380                Adafruit_GFX::drawBitmap(short, short, unsigned char*, short, short, unsigned short, unsigned short)
 .text._ZN12Adafruit_GFX11drawXBitmapEssPKhsst
                0xffe0144d       0xbd ./Adafruit-GFX-Library-master/Adafruit_GFX.o
                0xffe0144d                Adafruit_GFX::drawXBitmap(short, short, unsigned char const*, short, short, unsigned short)
 .text._ZN12Adafruit_GFX19drawGrayscaleBitmapEssPKhss
                0xffe0150a       0x63 ./Adafruit-GFX-Library-master/Adafruit_GFX.o
                0xffe0150a                Adafruit_GFX::drawGrayscaleBitmap(short, short, unsigned char const*, short, short)
 .text._ZN12Adafruit_GFX19drawGrayscaleBitmapEssPhss
                0xffe0156d       0x63 ./Adafruit-GFX-Library-master/Adafruit_GFX.o
                0xffe0156d                Adafruit_GFX::drawGrayscaleBitmap(short, short, unsigned char*, short, short)
 .text._ZN12Adafruit_GFX19drawGrayscaleBitmapEssPKhS1_ss
                0xffe015d0       0xd3 ./Adafruit-GFX-Library-master/Adafruit_GFX.o
                0xffe015d0                Adafruit_GFX::drawGrayscaleBitmap(short, short, unsigned char const*, unsigned char const*, short, short)
 .text._ZN12Adafruit_GFX19drawGrayscaleBitmapEssPhS0_ss
                0xffe016a3       0xd3 ./Adafruit-GFX-Library-master/Adafruit_GFX.o
                0xffe016a3                Adafruit_GFX::drawGrayscaleBitmap(short, short, unsigned char*, unsigned char*, short, short)
 .text._ZN12Adafruit_GFX13drawRGBBitmapEssPKtss
                0xffe01776       0x6a ./Adafruit-GFX-Library-master/Adafruit_GFX.o
                0xffe01776                Adafruit_GFX::drawRGBBitmap(short, short, unsigned short const*, short, short)
 .text._ZN12Adafruit_GFX13drawRGBBitmapEssPtss
                0xffe017e0       0x6a ./Adafruit-GFX-Library-master/Adafruit_GFX.o
                0xffe017e0                Adafruit_GFX::drawRGBBitmap(short, short, unsigned short*, short, short)
 .text._ZN12Adafruit_GFX13drawRGBBitmapEssPKtPKhss
                0xffe0184a       0xdd ./Adafruit-GFX-Library-master/Adafruit_GFX.o
                0xffe0184a                Adafruit_GFX::drawRGBBitmap(short, short, unsigned short const*, unsigned char const*, short, short)
 .text._ZN12Adafruit_GFX13drawRGBBitmapEssPtPhss
                0xffe01927       0xdd ./Adafruit-GFX-Library-master/Adafruit_GFX.o
                0xffe01927                Adafruit_GFX::drawRGBBitmap(short, short, unsigned short*, unsigned char*, short, short)
 .text._ZN12Adafruit_GFX8drawCharEsshtth
                0xffe01a04      0x331 ./Adafruit-GFX-Library-master/Adafruit_GFX.o
                0xffe01a04                Adafruit_GFX::drawChar(short, short, unsigned char, unsigned short, unsigned short, unsigned char)
 .text._ZN12Adafruit_GFX5writeEh
                0xffe01d35      0x120 ./Adafruit-GFX-Library-master/Adafruit_GFX.o
                0xffe01d35                Adafruit_GFX::write(unsigned char)
 .text._ZN12Adafruit_GFX9setCursorEss
                0xffe01e55        0x5 ./Adafruit-GFX-Library-master/Adafruit_GFX.o
                0xffe01e55                Adafruit_GFX::setCursor(short, short)
 .text._ZNK12Adafruit_GFX10getCursorXEv
                0xffe01e5a        0x3 ./Adafruit-GFX-Library-master/Adafruit_GFX.o
                0xffe01e5a                Adafruit_GFX::getCursorX() const
 .text._ZNK12Adafruit_GFX10getCursorYEv
                0xffe01e5d        0x3 ./Adafruit-GFX-Library-master/Adafruit_GFX.o
                0xffe01e5d                Adafruit_GFX::getCursorY() const
 .text._ZN12Adafruit_GFX11setTextSizeEh
                0xffe01e60        0xa ./Adafruit-GFX-Library-master/Adafruit_GFX.o
                0xffe01e60                Adafruit_GFX::setTextSize(unsigned char)
 .text._ZN12Adafruit_GFX12setTextColorEt
                0xffe01e6a        0x5 ./Adafruit-GFX-Library-master/Adafruit_GFX.o
                0xffe01e6a                Adafruit_GFX::setTextColor(unsigned short)
 .text._ZN12Adafruit_GFX12setTextColorEtt
                0xffe01e6f        0x5 ./Adafruit-GFX-Library-master/Adafruit_GFX.o
                0xffe01e6f                Adafruit_GFX::setTextColor(unsigned short, unsigned short)
 .text._ZN12Adafruit_GFX11setTextWrapEb
                0xffe01e74        0x3 ./Adafruit-GFX-Library-master/Adafruit_GFX.o
                0xffe01e74                Adafruit_GFX::setTextWrap(bool)
 .text._ZNK12Adafruit_GFX11getRotationEv
                0xffe01e77        0x3 ./Adafruit-GFX-Library-master/Adafruit_GFX.o
                0xffe01e77                Adafruit_GFX::getRotation() const
 .text._ZN12Adafruit_GFX5cp437Eb
                0xffe01e7a        0x3 ./Adafruit-GFX-Library-master/Adafruit_GFX.o
                0xffe01e7a                Adafruit_GFX::cp437(bool)
 .text._ZN12Adafruit_GFX7setFontEPK7GFXfont
                0xffe01e7d       0x27 ./Adafruit-GFX-Library-master/Adafruit_GFX.o
                0xffe01e7d                Adafruit_GFX::setFont(GFXfont const*)
 .text._ZN12Adafruit_GFX10charBoundsEcPsS0_S0_S0_S0_S0_
                0xffe01ea4      0x180 ./Adafruit-GFX-Library-master/Adafruit_GFX.o
                0xffe01ea4                Adafruit_GFX::charBounds(char, short*, short*, short*, short*, short*, short*)
 .text._ZN12Adafruit_GFX13getTextBoundsEPcssPsS1_PtS2_
                0xffe02024       0xb0 ./Adafruit-GFX-Library-master/Adafruit_GFX.o
                0xffe02024                Adafruit_GFX::getTextBounds(char*, short, short, short*, short*, unsigned short*, unsigned short*)
 .text._ZN12Adafruit_GFX13getTextBoundsEPK19__FlashStringHelperssPsS3_PtS4_
                0xffe020d4       0xb0 ./Adafruit-GFX-Library-master/Adafruit_GFX.o
                0xffe020d4                Adafruit_GFX::getTextBounds(__FlashStringHelper const*, short, short, short*, short*, unsigned short*, unsigned short*)
 .text._ZNK12Adafruit_GFX5widthEv
                0xffe02184        0x3 ./Adafruit-GFX-Library-master/Adafruit_GFX.o
                0xffe02184                Adafruit_GFX::width() const
 .text._ZNK12Adafruit_GFX6heightEv
                0xffe02187        0x3 ./Adafruit-GFX-Library-master/Adafruit_GFX.o
                0xffe02187                Adafruit_GFX::height() const
 .text._ZN19Adafruit_GFX_ButtonC2Ev
                0xffe0218a        0x4 ./Adafruit-GFX-Library-master/Adafruit_GFX.o
                0xffe0218a                Adafruit_GFX_Button::Adafruit_GFX_Button()
                0xffe0218a                Adafruit_GFX_Button::Adafruit_GFX_Button()
 .text._ZN19Adafruit_GFX_Button10initButtonEP12Adafruit_GFXsstttttPch
                0xffe0218e       0x4f ./Adafruit-GFX-Library-master/Adafruit_GFX.o
                0xffe0218e                Adafruit_GFX_Button::initButton(Adafruit_GFX*, short, short, unsigned short, unsigned short, unsigned short, unsigned short, unsigned short, char*, unsigned char)
 .text._ZN19Adafruit_GFX_Button12initButtonULEP12Adafruit_GFXsstttttPch
                0xffe021dd       0x42 ./Adafruit-GFX-Library-master/Adafruit_GFX.o
                0xffe021dd                Adafruit_GFX_Button::initButtonUL(Adafruit_GFX*, short, short, unsigned short, unsigned short, unsigned short, unsigned short, unsigned short, char*, unsigned char)
 .text._ZN19Adafruit_GFX_Button10drawButtonEb
                0xffe0221f       0xad ./Adafruit-GFX-Library-master/Adafruit_GFX.o
                0xffe0221f                Adafruit_GFX_Button::drawButton(bool)
 .text._ZN19Adafruit_GFX_Button8containsEss
                0xffe022cc       0x2b ./Adafruit-GFX-Library-master/Adafruit_GFX.o
                0xffe022cc                Adafruit_GFX_Button::contains(short, short)
 .text._ZN19Adafruit_GFX_Button5pressEb
                0xffe022f7        0x7 ./Adafruit-GFX-Library-master/Adafruit_GFX.o
                0xffe022f7                Adafruit_GFX_Button::press(bool)
 .text._ZN19Adafruit_GFX_Button9isPressedEv
                0xffe022fe        0x3 ./Adafruit-GFX-Library-master/Adafruit_GFX.o
                0xffe022fe                Adafruit_GFX_Button::isPressed()
 .text._ZN19Adafruit_GFX_Button11justPressedEv
                0xffe02301       0x18 ./Adafruit-GFX-Library-master/Adafruit_GFX.o
                0xffe02301                Adafruit_GFX_Button::justPressed()
 .text._ZN19Adafruit_GFX_Button12justReleasedEv
                0xffe02319       0x10 ./Adafruit-GFX-Library-master/Adafruit_GFX.o
                0xffe02319                Adafruit_GFX_Button::justReleased()
 .text._ZN10GFXcanvas1C2Ett
                0xffe02329       0x50 ./Adafruit-GFX-Library-master/Adafruit_GFX.o
                0xffe02329                GFXcanvas1::GFXcanvas1(unsigned short, unsigned short)
                0xffe02329                GFXcanvas1::GFXcanvas1(unsigned short, unsigned short)
 .text._ZN10GFXcanvas1D2Ev
                0xffe02379       0x13 ./Adafruit-GFX-Library-master/Adafruit_GFX.o
                0xffe02379                GFXcanvas1::~GFXcanvas1()
                0xffe02379                GFXcanvas1::~GFXcanvas1()
 .text._ZN10GFXcanvas19getBufferEv
                0xffe0238c        0x3 ./Adafruit-GFX-Library-master/Adafruit_GFX.o
                0xffe0238c                GFXcanvas1::getBuffer()
 .text._ZN10GFXcanvas8C2Ett
                0xffe0238f       0x4c ./Adafruit-GFX-Library-master/Adafruit_GFX.o
                0xffe0238f                GFXcanvas8::GFXcanvas8(unsigned short, unsigned short)
                0xffe0238f                GFXcanvas8::GFXcanvas8(unsigned short, unsigned short)
 .text._ZN10GFXcanvas8D2Ev
                0xffe023db       0x13 ./Adafruit-GFX-Library-master/Adafruit_GFX.o
                0xffe023db                GFXcanvas8::~GFXcanvas8()
                0xffe023db                GFXcanvas8::~GFXcanvas8()
 .text._ZN10GFXcanvas89getBufferEv
                0xffe023ee        0x3 ./Adafruit-GFX-Library-master/Adafruit_GFX.o
                0xffe023ee                GFXcanvas8::getBuffer()
 .text._ZN11GFXcanvas16C2Ett
                0xffe023f1       0x4f ./Adafruit-GFX-Library-master/Adafruit_GFX.o
                0xffe023f1                GFXcanvas16::GFXcanvas16(unsigned short, unsigned short)
                0xffe023f1                GFXcanvas16::GFXcanvas16(unsigned short, unsigned short)
 .text._ZN11GFXcanvas16D2Ev
                0xffe02440       0x13 ./Adafruit-GFX-Library-master/Adafruit_GFX.o
                0xffe02440                GFXcanvas16::~GFXcanvas16()
                0xffe02440                GFXcanvas16::~GFXcanvas16()
 .text._ZN11GFXcanvas169getBufferEv
                0xffe02453        0x3 ./Adafruit-GFX-Library-master/Adafruit_GFX.o
                0xffe02453                GFXcanvas16::getBuffer()
 .text._ZN15Adafruit_SPITFT14writeFastVLineEssst
                0xffe02456       0x13 ./Adafruit-GFX-Library-master/Adafruit_SPITFT.o
                0xffe02456                Adafruit_SPITFT::writeFastVLine(short, short, short, unsigned short)
 .text._ZN15Adafruit_SPITFT14writeFastHLineEssst
                0xffe02469       0x12 ./Adafruit-GFX-Library-master/Adafruit_SPITFT.o
                0xffe02469                Adafruit_SPITFT::writeFastHLine(short, short, short, unsigned short)
 .text._ZN15Adafruit_SPITFT9drawPixelEsst
                0xffe0247b       0x2e ./Adafruit-GFX-Library-master/Adafruit_SPITFT.o
                0xffe0247b                Adafruit_SPITFT::drawPixel(short, short, unsigned short)
 .text._ZN15Adafruit_SPITFT13drawFastVLineEssst
                0xffe024a9       0x34 ./Adafruit-GFX-Library-master/Adafruit_SPITFT.o
                0xffe024a9                Adafruit_SPITFT::drawFastVLine(short, short, short, unsigned short)
 .text._ZN15Adafruit_SPITFT13drawFastHLineEssst
                0xffe024dd       0x34 ./Adafruit-GFX-Library-master/Adafruit_SPITFT.o
                0xffe024dd                Adafruit_SPITFT::drawFastHLine(short, short, short, unsigned short)
 .text._ZN15Adafruit_SPITFT8fillRectEsssst
                0xffe02511       0x3b ./Adafruit-GFX-Library-master/Adafruit_SPITFT.o
                0xffe02511                Adafruit_SPITFT::fillRect(short, short, short, short, unsigned short)
 .text._ZN15Adafruit_SPITFT8endWriteEv
                0xffe0254c       0x35 ./Adafruit-GFX-Library-master/Adafruit_SPITFT.o
                0xffe0254c                Adafruit_SPITFT::endWrite()
 .text._ZN15Adafruit_SPITFT10startWriteEv
                0xffe02581       0x92 ./Adafruit-GFX-Library-master/Adafruit_SPITFT.o
                0xffe02581                Adafruit_SPITFT::startWrite()
 .text._ZN15Adafruit_SPITFT8color565Ehhh
                0xffe02613       0x16 ./Adafruit-GFX-Library-master/Adafruit_SPITFT.o
                0xffe02613                Adafruit_SPITFT::color565(unsigned char, unsigned char, unsigned char)
 .text._ZN15Adafruit_SPITFTC2Ettaaaaaa
                0xffe02629       0x3f ./Adafruit-GFX-Library-master/Adafruit_SPITFT.o
                0xffe02629                Adafruit_SPITFT::Adafruit_SPITFT(unsigned short, unsigned short, signed char, signed char, signed char, signed char, signed char, signed char)
                0xffe02629                Adafruit_SPITFT::Adafruit_SPITFT(unsigned short, unsigned short, signed char, signed char, signed char, signed char, signed char, signed char)
 .text._ZN15Adafruit_SPITFTC2Ettaaa
                0xffe02668       0x39 ./Adafruit-GFX-Library-master/Adafruit_SPITFT.o
                0xffe02668                Adafruit_SPITFT::Adafruit_SPITFT(unsigned short, unsigned short, signed char, signed char, signed char)
                0xffe02668                Adafruit_SPITFT::Adafruit_SPITFT(unsigned short, unsigned short, signed char, signed char, signed char)
 .text._ZN15Adafruit_SPITFT7initSPIEm
                0xffe026a1       0xb3 ./Adafruit-GFX-Library-master/Adafruit_SPITFT.o
                0xffe026a1                Adafruit_SPITFT::initSPI(unsigned long)
 .text._ZN15Adafruit_SPITFT7spiReadEv
                0xffe02754       0x93 ./Adafruit-GFX-Library-master/Adafruit_SPITFT.o
                0xffe02754                Adafruit_SPITFT::spiRead()
 .text._ZN15Adafruit_SPITFT8spiWriteEh
                0xffe027e7       0x83 ./Adafruit-GFX-Library-master/Adafruit_SPITFT.o
                0xffe027e7                Adafruit_SPITFT::spiWrite(unsigned char)
 .text._ZN15Adafruit_SPITFT12writeCommandEh
                0xffe0286a       0x22 ./Adafruit-GFX-Library-master/Adafruit_SPITFT.o
                0xffe0286a                Adafruit_SPITFT::writeCommand(unsigned char)
 .text._ZN15Adafruit_SPITFT9pushColorEt
                0xffe0288c       0xba ./Adafruit-GFX-Library-master/Adafruit_SPITFT.o
                0xffe0288c                Adafruit_SPITFT::pushColor(unsigned short)
 .text._ZN15Adafruit_SPITFT10writePixelEt
                0xffe02946       0x9d ./Adafruit-GFX-Library-master/Adafruit_SPITFT.o
                0xffe02946                Adafruit_SPITFT::writePixel(unsigned short)
 .text._ZN15Adafruit_SPITFT10writePixelEsst
                0xffe029e3       0x3c ./Adafruit-GFX-Library-master/Adafruit_SPITFT.o
                0xffe029e3                Adafruit_SPITFT::writePixel(short, short, unsigned short)
 .text._ZN15Adafruit_SPITFT11writePixelsEPtm
                0xffe02a1f       0xa6 ./Adafruit-GFX-Library-master/Adafruit_SPITFT.o
                0xffe02a1f                Adafruit_SPITFT::writePixels(unsigned short*, unsigned long)
 .text._ZN15Adafruit_SPITFT10writeColorEtm
                0xffe02ac5       0x8f ./Adafruit-GFX-Library-master/Adafruit_SPITFT.o
                0xffe02ac5                Adafruit_SPITFT::writeColor(unsigned short, unsigned long)
 .text._ZN15Adafruit_SPITFT13writeFillRectEsssst
                0xffe02b54       0x86 ./Adafruit-GFX-Library-master/Adafruit_SPITFT.o
                0xffe02b54                Adafruit_SPITFT::writeFillRect(short, short, short, short, unsigned short)
 .text._ZN15Adafruit_SPITFT13drawRGBBitmapEssPtss
                0xffe02bda       0xcd ./Adafruit-GFX-Library-master/Adafruit_SPITFT.o
                0xffe02bda                Adafruit_SPITFT::drawRGBBitmap(short, short, unsigned short*, short, short)
 .text._ZN16Adafruit_SSD130613drawFastHLineEssst
                0xffe02ca7      0x219 ./Adafruit_SSD1306-master_Wire1/Adafruit_SSD1306_Wire1.o
                0xffe02ca7                Adafruit_SSD1306::drawFastHLine(short, short, short, unsigned short)
 .text._ZN16Adafruit_SSD130613drawFastVLineEssst
                0xffe02ec0      0x21f ./Adafruit_SSD1306-master_Wire1/Adafruit_SSD1306_Wire1.o
                0xffe02ec0                Adafruit_SSD1306::drawFastVLine(short, short, short, unsigned short)
 .text._ZN16Adafruit_SSD13069drawPixelEsst
                0xffe030df       0xf2 ./Adafruit_SSD1306-master_Wire1/Adafruit_SSD1306_Wire1.o
                0xffe030df                Adafruit_SSD1306::drawPixel(short, short, unsigned short)
 .text._ZN16Adafruit_SSD1306C2Eaaaaa
                0xffe031d1       0x3d ./Adafruit_SSD1306-master_Wire1/Adafruit_SSD1306_Wire1.o
                0xffe031d1                Adafruit_SSD1306::Adafruit_SSD1306(signed char, signed char, signed char, signed char, signed char)
                0xffe031d1                Adafruit_SSD1306::Adafruit_SSD1306(signed char, signed char, signed char, signed char, signed char)
 .text._ZN16Adafruit_SSD1306C2Eaaa
                0xffe0320e       0x2b ./Adafruit_SSD1306-master_Wire1/Adafruit_SSD1306_Wire1.o
                0xffe0320e                Adafruit_SSD1306::Adafruit_SSD1306(signed char, signed char, signed char)
                0xffe0320e                Adafruit_SSD1306::Adafruit_SSD1306(signed char, signed char, signed char)
 .text._ZN16Adafruit_SSD1306C2Ea
                0xffe03239       0x2c ./Adafruit_SSD1306-master_Wire1/Adafruit_SSD1306_Wire1.o
                0xffe03239                Adafruit_SSD1306::Adafruit_SSD1306(signed char)
                0xffe03239                Adafruit_SSD1306::Adafruit_SSD1306(signed char)
 .text._ZN16Adafruit_SSD130615ssd1306_commandEh
                0xffe03265       0xe9 ./Adafruit_SSD1306-master_Wire1/Adafruit_SSD1306_Wire1.o
                0xffe03265                Adafruit_SSD1306::ssd1306_command(unsigned char)
 .text._ZN16Adafruit_SSD13065beginEhhb
                0xffe0334e      0x227 ./Adafruit_SSD1306-master_Wire1/Adafruit_SSD1306_Wire1.o
                0xffe0334e                Adafruit_SSD1306::begin(unsigned char, unsigned char, bool)
 .text._ZN16Adafruit_SSD130613invertDisplayEh
                0xffe03575       0x13 ./Adafruit_SSD1306-master_Wire1/Adafruit_SSD1306_Wire1.o
                0xffe03575                Adafruit_SSD1306::invertDisplay(unsigned char)
 .text._ZN16Adafruit_SSD130616startscrollrightEhh
                0xffe03588       0x4b ./Adafruit_SSD1306-master_Wire1/Adafruit_SSD1306_Wire1.o
                0xffe03588                Adafruit_SSD1306::startscrollright(unsigned char, unsigned char)
 .text._ZN16Adafruit_SSD130615startscrollleftEhh
                0xffe035d3       0x4b ./Adafruit_SSD1306-master_Wire1/Adafruit_SSD1306_Wire1.o
                0xffe035d3                Adafruit_SSD1306::startscrollleft(unsigned char, unsigned char)
 .text._ZN16Adafruit_SSD130620startscrolldiagrightEhh
                0xffe0361e       0x5c ./Adafruit_SSD1306-master_Wire1/Adafruit_SSD1306_Wire1.o
                0xffe0361e                Adafruit_SSD1306::startscrolldiagright(unsigned char, unsigned char)
 .text._ZN16Adafruit_SSD130619startscrolldiagleftEhh
                0xffe0367a       0x5c ./Adafruit_SSD1306-master_Wire1/Adafruit_SSD1306_Wire1.o
                0xffe0367a                Adafruit_SSD1306::startscrolldiagleft(unsigned char, unsigned char)
 .text._ZN16Adafruit_SSD130610stopscrollEv
                0xffe036d6        0x7 ./Adafruit_SSD1306-master_Wire1/Adafruit_SSD1306_Wire1.o
                0xffe036d6                Adafruit_SSD1306::stopscroll()
 .text._ZN16Adafruit_SSD13063dimEb
                0xffe036dd       0x52 ./Adafruit_SSD1306-master_Wire1/Adafruit_SSD1306_Wire1.o
                0xffe036dd                Adafruit_SSD1306::dim(bool)
 .text._ZN16Adafruit_SSD13067displayEv
                0xffe0372f      0x146 ./Adafruit_SSD1306-master_Wire1/Adafruit_SSD1306_Wire1.o
                0xffe0372f                Adafruit_SSD1306::display()
 .text._ZN16Adafruit_SSD130612clearDisplayEv
                0xffe03875        0xc ./Adafruit_SSD1306-master_Wire1/Adafruit_SSD1306_Wire1.o
                0xffe03875                Adafruit_SSD1306::clearDisplay()
 .text._ZN14HardwareSerialD2Ev
                0xffe03881        0x7 ./gr_common/core/HardwareSerial.o
                0xffe03881                HardwareSerial::~HardwareSerial()
                0xffe03881                HardwareSerial::~HardwareSerial()
 .text._ZN14HardwareSerial9availableEv
                0xffe03888        0xd ./gr_common/core/HardwareSerial.o
                0xffe03888                HardwareSerial::available()
 .text._ZN14HardwareSerial4peekEv
                0xffe03895       0x14 ./gr_common/core/HardwareSerial.o
                0xffe03895                HardwareSerial::peek()
 .text._ZN14HardwareSerial4readEv
                0xffe038a9       0x25 ./gr_common/core/HardwareSerial.o
                0xffe038a9                HardwareSerial::read()
 .text._ZN14HardwareSerial5flushEv
                0xffe038ce       0x11 ./gr_common/core/HardwareSerial.o
                0xffe038ce                HardwareSerial::flush()
 .text._Z17Serial1_availablev
                0xffe038df       0x16 ./gr_common/core/HardwareSerial.o
                0xffe038df                Serial1_available()
 .text._Z17Serial2_availablev
                0xffe038f5       0x16 ./gr_common/core/HardwareSerial.o
                0xffe038f5                Serial2_available()
 .text._Z17Serial3_availablev
                0xffe0390b       0x16 ./gr_common/core/HardwareSerial.o
                0xffe0390b                Serial3_available()
 .text._Z17Serial4_availablev
                0xffe03921       0x16 ./gr_common/core/HardwareSerial.o
                0xffe03921                Serial4_available()
 .text._Z17Serial5_availablev
                0xffe03937       0x16 ./gr_common/core/HardwareSerial.o
                0xffe03937                Serial5_available()
 .text._ZN14HardwareSerialD0Ev
                0xffe0394d        0xa ./gr_common/core/HardwareSerial.o
                0xffe0394d                HardwareSerial::~HardwareSerial()
 .text._ZN14HardwareSerial17_tx_udr_empty_irqEv.part.0
                0xffe03957       0x1d ./gr_common/core/HardwareSerial.o
 .text._ZN14HardwareSerial5writeEh
                0xffe03974       0xf3 ./gr_common/core/HardwareSerial.o
                0xffe03974                HardwareSerial::write(unsigned char)
 .text._ZN14HardwareSerialC2EiPV7st_sci06MstpIdii
                0xffe03a67       0x3b ./gr_common/core/HardwareSerial.o
                0xffe03a67                HardwareSerial::HardwareSerial(int, st_sci0 volatile*, MstpId, int, int)
                0xffe03a67                HardwareSerial::HardwareSerial(int, st_sci0 volatile*, MstpId, int, int)
 .text._ZN14HardwareSerial16_rx_complete_irqEv
                0xffe03aa2       0x71 ./gr_common/core/HardwareSerial.o
                0xffe03aa2                HardwareSerial::_rx_complete_irq()
 .text._ZN14HardwareSerial17_buffer_availableEv
                0xffe03b13        0xb ./gr_common/core/HardwareSerial.o
                0xffe03b13                HardwareSerial::_buffer_available()
 .text._Z14serialEventRunv
                0xffe03b1e       0xca ./gr_common/core/HardwareSerial.o
                0xffe03b1e                serialEventRun()
 .text._ZN14HardwareSerial17_tx_udr_empty_irqEv
                0xffe03be8        0xf ./gr_common/core/HardwareSerial.o
                0xffe03be8                HardwareSerial::_tx_udr_empty_irq()
 .text._ZN14HardwareSerial5beginEmh
                0xffe03bf7      0x2af ./gr_common/core/HardwareSerial.o
                0xffe03bf7                HardwareSerial::begin(unsigned long, unsigned char)
 .text._ZN14HardwareSerial3endEv
                0xffe03ea6       0xac ./gr_common/core/HardwareSerial.o
                0xffe03ea6                HardwareSerial::end()
 .text.ReadBulkOUTPacket
                0xffe03f52       0xd8 ./gr_common/core/HardwareSerial.o
                0xffe03f52                ReadBulkOUTPacket
 .text.WriteBulkINPacket
                0xffe0402a       0xbc ./gr_common/core/HardwareSerial.o
                0xffe0402a                WriteBulkINPacket
 .text.INT_Excep_SCI0_RXI0
                0xffe040e6       0x28 ./gr_common/core/HardwareSerial.o
                0xffe040e6                INT_Excep_SCI0_RXI0
 .text.INT_Excep_SCI0_TXI0
                0xffe0410e       0x44 ./gr_common/core/HardwareSerial.o
                0xffe0410e                INT_Excep_SCI0_TXI0
 .text.INT_Excep_SCI2_RXI2
                0xffe04152       0x28 ./gr_common/core/HardwareSerial.o
                0xffe04152                INT_Excep_SCI2_RXI2
 .text.INT_Excep_SCI2_TXI2
                0xffe0417a       0x44 ./gr_common/core/HardwareSerial.o
                0xffe0417a                INT_Excep_SCI2_TXI2
 .text.INT_Excep_SCI6_RXI6
                0xffe041be       0x28 ./gr_common/core/HardwareSerial.o
                0xffe041be                INT_Excep_SCI6_RXI6
 .text.INT_Excep_SCI6_TXI6
                0xffe041e6       0x44 ./gr_common/core/HardwareSerial.o
                0xffe041e6                INT_Excep_SCI6_TXI6
 .text.INT_Excep_SCI8_RXI8
                0xffe0422a       0x28 ./gr_common/core/HardwareSerial.o
                0xffe0422a                INT_Excep_SCI8_RXI8
 .text.INT_Excep_SCI8_TXI8
                0xffe04252       0x44 ./gr_common/core/HardwareSerial.o
                0xffe04252                INT_Excep_SCI8_TXI8
 .text.INT_Excep_SCI1_RXI1
                0xffe04296       0x28 ./gr_common/core/HardwareSerial.o
                0xffe04296                INT_Excep_SCI1_RXI1
 .text.INT_Excep_SCI1_TXI1
                0xffe042be       0x44 ./gr_common/core/HardwareSerial.o
                0xffe042be                INT_Excep_SCI1_TXI1
 .text.INT_Excep_ICU_GROUP12
                0xffe04302       0xf4 ./gr_common/core/HardwareSerial.o
                0xffe04302                INT_Excep_ICU_GROUP12
 .text.startup._GLOBAL__sub_I__ZN14HardwareSerialC2EiPV7st_sci06MstpIdii
                0xffe043f6      0x1fc ./gr_common/core/HardwareSerial.o
 .text.startup.main
                0xffe045f2        0xe ./gr_common/core/main.o
                0xffe045f2                main
 .text._ZN8MsTimer23setEmPFvvE
                0xffe04600       0x91 ./gr_common/core/MsTimer2.o
                0xffe04600                MsTimer2::set(unsigned long, void (*)())
 .text._ZN8MsTimer25startEv
                0xffe04691       0x2c ./gr_common/core/MsTimer2.o
                0xffe04691                MsTimer2::start()
 .text._ZN8MsTimer24stopEv
                0xffe046bd        0x8 ./gr_common/core/MsTimer2.o
                0xffe046bd                MsTimer2::stop()
 .text._ZN8MsTimer29_overflowEv
                0xffe046c5       0x3c ./gr_common/core/MsTimer2.o
                0xffe046c5                MsTimer2::_overflow()
 .text.INT_Excep_TPU1_TGI1A
                0xffe04701       0x22 ./gr_common/core/MsTimer2.o
                0xffe04701                INT_Excep_TPU1_TGI1A
 .text._Znwm    0xffe04723        0x4 ./gr_common/core/new.o
                0xffe04723                operator new(unsigned long)
 .text._Znam    0xffe04727        0x4 ./gr_common/core/new.o
                0xffe04727                operator new[](unsigned long)
 .text._ZdlPv   0xffe0472b        0x4 ./gr_common/core/new.o
                0xffe0472b                operator delete(void*)
 .text._ZdaPv   0xffe0472f        0x4 ./gr_common/core/new.o
                0xffe0472f                operator delete[](void*)
 .text.__cxa_guard_acquire
                0xffe04733        0x8 ./gr_common/core/new.o
                0xffe04733                __cxa_guard_acquire
 .text.__cxa_guard_release
                0xffe0473b        0x4 ./gr_common/core/new.o
                0xffe0473b                __cxa_guard_release
 .text.__cxa_guard_abort
                0xffe0473f        0x1 ./gr_common/core/new.o
                0xffe0473f                __cxa_guard_abort
 .text.__cxa_pure_virtual
                0xffe04740        0x1 ./gr_common/core/new.o
                0xffe04740                __cxa_pure_virtual
 .text._ZN5Print5writeEPKhm
                0xffe04741       0x2a ./gr_common/core/Print.o
                0xffe04741                Print::write(unsigned char const*, unsigned long)
 .text._ZN5Print5printEPK19__FlashStringHelper
                0xffe0476b       0x2a ./gr_common/core/Print.o
                0xffe0476b                Print::print(__FlashStringHelper const*)
 .text._ZN5Print5printERK6String
                0xffe04795        0xe ./gr_common/core/Print.o
                0xffe04795                Print::print(String const&)
 .text._ZN5Print5printEPKc
                0xffe047a3       0x25 ./gr_common/core/Print.o
                0xffe047a3                Print::print(char const*)
 .text._ZN5Print5printEc
                0xffe047c8        0x7 ./gr_common/core/Print.o
                0xffe047c8                Print::print(char)
 .text._ZN5Print5printERK9Printable
                0xffe047cf        0xd ./gr_common/core/Print.o
                0xffe047cf                Print::print(Printable const&)
 .text._ZN5Print7printlnEv
                0xffe047dc       0x1d ./gr_common/core/Print.o
                0xffe047dc                Print::println()
 .text._ZN5Print7printlnEPK19__FlashStringHelper
                0xffe047f9       0x30 ./gr_common/core/Print.o
                0xffe047f9                Print::println(__FlashStringHelper const*)
 .text._ZN5Print7printlnERK6String
                0xffe04829       0x1f ./gr_common/core/Print.o
                0xffe04829                Print::println(String const&)
 .text._ZN5Print7printlnEPKc
                0xffe04848       0x39 ./gr_common/core/Print.o
                0xffe04848                Print::println(char const*)
 .text._ZN5Print7printlnEc
                0xffe04881       0x17 ./gr_common/core/Print.o
                0xffe04881                Print::println(char)
 .text._ZN5Print7printlnERK9Printable
                0xffe04898       0x1d ./gr_common/core/Print.o
                0xffe04898                Print::println(Printable const&)
 .text._ZN5Print11printNumberEmh
                0xffe048b5       0x58 ./gr_common/core/Print.o
                0xffe048b5                Print::printNumber(unsigned long, unsigned char)
 .text._ZN5Print5printEli
                0xffe0490d       0x41 ./gr_common/core/Print.o
                0xffe0490d                Print::print(long, int)
 .text._ZN5Print5printEii
                0xffe0494e        0x4 ./gr_common/core/Print.o
                0xffe0494e                Print::print(int, int)
 .text._ZN5Print7printlnEii
                0xffe04952       0x15 ./gr_common/core/Print.o
                0xffe04952                Print::println(int, int)
 .text._ZN5Print7printlnEli
                0xffe04967       0x15 ./gr_common/core/Print.o
                0xffe04967                Print::println(long, int)
 .text._ZN5Print5printEmi
                0xffe0497c        0xe ./gr_common/core/Print.o
                0xffe0497c                Print::print(unsigned long, int)
 .text._ZN5Print5printEhi
                0xffe0498a        0x6 ./gr_common/core/Print.o
                0xffe0498a                Print::print(unsigned char, int)
 .text._ZN5Print7printlnEhi
                0xffe04990       0x17 ./gr_common/core/Print.o
                0xffe04990                Print::println(unsigned char, int)
 .text._ZN5Print5printEji
                0xffe049a7        0x4 ./gr_common/core/Print.o
                0xffe049a7                Print::print(unsigned int, int)
 .text._ZN5Print7printlnEji
                0xffe049ab       0x15 ./gr_common/core/Print.o
                0xffe049ab                Print::println(unsigned int, int)
 .text._ZN5Print7printlnEmi
                0xffe049c0       0x15 ./gr_common/core/Print.o
                0xffe049c0                Print::println(unsigned long, int)
 .text._ZN5Print10printFloatEdh
                0xffe049d5      0x1a2 ./gr_common/core/Print.o
                0xffe049d5                Print::printFloat(double, unsigned char)
 .text._ZN5Print5printEdi
                0xffe04b77        0x4 ./gr_common/core/Print.o
                0xffe04b77                Print::print(double, int)
 .text._ZN5Print7printlnEdi
                0xffe04b7b       0x15 ./gr_common/core/Print.o
                0xffe04b7b                Print::println(double, int)
 .text._ZN6Stream9timedReadEv
                0xffe04b90       0x31 ./gr_common/core/Stream.o
                0xffe04b90                Stream::timedRead()
 .text._ZN6Stream9findUntilEPcmS0_m.part.0
                0xffe04bc1       0x67 ./gr_common/core/Stream.o
 .text._ZN6Stream9timedPeekEv
                0xffe04c28       0x31 ./gr_common/core/Stream.o
                0xffe04c28                Stream::timedPeek()
 .text._ZN6Stream13peekNextDigitEv
                0xffe04c59       0x2c ./gr_common/core/Stream.o
                0xffe04c59                Stream::peekNextDigit()
 .text._ZN6Stream10setTimeoutEm
                0xffe04c85        0x3 ./gr_common/core/Stream.o
                0xffe04c85                Stream::setTimeout(unsigned long)
 .text._ZN6Stream4findEPcm
                0xffe04c88       0x19 ./gr_common/core/Stream.o
                0xffe04c88                Stream::find(char*, unsigned long)
 .text._ZN6Stream9findUntilEPcS0_
                0xffe04ca1       0x37 ./gr_common/core/Stream.o
                0xffe04ca1                Stream::findUntil(char*, char*)
 .text._ZN6Stream4findEPc
                0xffe04cd8        0x6 ./gr_common/core/Stream.o
                0xffe04cd8                Stream::find(char*)
 .text._ZN6Stream9findUntilEPcmS0_m
                0xffe04cde       0x16 ./gr_common/core/Stream.o
                0xffe04cde                Stream::findUntil(char*, unsigned long, char*, unsigned long)
 .text._ZN6Stream8parseIntEc
                0xffe04cf4       0x61 ./gr_common/core/Stream.o
                0xffe04cf4                Stream::parseInt(char)
 .text._ZN6Stream8parseIntEv
                0xffe04d55        0x6 ./gr_common/core/Stream.o
                0xffe04d55                Stream::parseInt()
 .text._ZN6Stream10parseFloatEc
                0xffe04d5b       0xaf ./gr_common/core/Stream.o
                0xffe04d5b                Stream::parseFloat(char)
 .text._ZN6Stream10parseFloatEv
                0xffe04e0a        0x6 ./gr_common/core/Stream.o
                0xffe04e0a                Stream::parseFloat()
 .text._ZN6Stream9readBytesEPcm
                0xffe04e10       0x2a ./gr_common/core/Stream.o
                0xffe04e10                Stream::readBytes(char*, unsigned long)
 .text._ZN6Stream14readBytesUntilEcPcm
                0xffe04e3a       0x32 ./gr_common/core/Stream.o
                0xffe04e3a                Stream::readBytesUntil(char, char*, unsigned long)
 .text._ZN6Stream10readStringEv
                0xffe04e6c       0x7a ./gr_common/core/Stream.o
                0xffe04e6c                Stream::readString()
 .text._ZN6Stream15readStringUntilEc
                0xffe04ee6       0x8f ./gr_common/core/Stream.o
                0xffe04ee6                Stream::readStringUntil(char)
 .text._Z4tonehjm
                0xffe04f75       0x31 ./gr_common/core/Tone.o
                0xffe04f75                tone(unsigned char, unsigned int, unsigned long)
 .text.resetPinModeTone
                0xffe04fa6        0x4 ./gr_common/core/Tone.o
                0xffe04fa6                resetPinModeTone
 .text._Z12disableTimerh
                0xffe04faa        0x1 ./gr_common/core/Tone.o
                0xffe04faa                disableTimer(unsigned char)
 .text._Z6noToneh
                0xffe04fab       0x14 ./gr_common/core/Tone.o
                0xffe04fab                noTone(unsigned char)
 .text.set_frequency_for_analogwrite
                0xffe04fbf       0x1d ./gr_common/core/utilities.o
                0xffe04fbf                set_frequency_for_analogwrite
 .text.generate_brk
                0xffe04fdc        0x8 ./gr_common/core/utilities.o
                0xffe04fdc                generate_brk
 .text.attachIntervalTimerHandler
                0xffe04fe4       0x70 ./gr_common/core/utilities.o
                0xffe04fe4                attachIntervalTimerHandler
 .text.detachIntervalTimerHandler
                0xffe05054       0x11 ./gr_common/core/utilities.o
                0xffe05054                detachIntervalTimerHandler
 .text.attachCyclicHandler
                0xffe05065       0x2d ./gr_common/core/utilities.o
                0xffe05065                attachCyclicHandler
 .text.detachCyclicHandler
                0xffe05092       0x29 ./gr_common/core/utilities.o
                0xffe05092                detachCyclicHandler
 .text.execCyclicHandler
                0xffe050bb       0x4f ./gr_common/core/utilities.o
                0xffe050bb                execCyclicHandler
 .text.timer_regist_userfunc
                0xffe0510a       0x1d ./gr_common/core/utilities.o
                0xffe0510a                timer_regist_userfunc
 .text.INT_Excep_TPU5_TGI5A
                0xffe05127       0x17 ./gr_common/core/utilities.o
                0xffe05127                INT_Excep_TPU5_TGI5A
 .text._Z10randomSeedj
                0xffe0513e        0x9 ./gr_common/core/WMath.o
                0xffe0513e                randomSeed(unsigned int)
 .text._Z6randoml
                0xffe05147       0x1b ./gr_common/core/WMath.o
                0xffe05147                random(long)
 .text._Z6randomll
                0xffe05162       0x25 ./gr_common/core/WMath.o
                0xffe05162                random(long, long)
 .text._Z3maplllll
                0xffe05187       0x14 ./gr_common/core/WMath.o
                0xffe05187                map(long, long, long, long, long)
 .text._Z8makeWordt
                0xffe0519b        0x3 ./gr_common/core/WMath.o
                0xffe0519b                makeWord(unsigned short)
 .text._Z8makeWordhh
                0xffe0519e        0x9 ./gr_common/core/WMath.o
                0xffe0519e                makeWord(unsigned char, unsigned char)
 .text._ZN6StringD2Ev
                0xffe051a7        0x6 ./gr_common/core/WString.o
                0xffe051a7                String::~String()
                0xffe051a7                String::~String()
 .text._ZN6String10invalidateEv
                0xffe051ad       0x19 ./gr_common/core/WString.o
                0xffe051ad                String::invalidate()
 .text._ZN6String7reserveEj
                0xffe051c6       0x31 ./gr_common/core/WString.o
                0xffe051c6                String::reserve(unsigned int)
 .text._ZN6String12changeBufferEj
                0xffe051f7       0x1d ./gr_common/core/WString.o
                0xffe051f7                String::changeBuffer(unsigned int)
 .text._ZN6String4copyEPKcj
                0xffe05214       0x49 ./gr_common/core/WString.o
                0xffe05214                String::copy(char const*, unsigned int)
 .text._ZN6StringC2EPKc
                0xffe0525d       0x2c ./gr_common/core/WString.o
                0xffe0525d                String::String(char const*)
                0xffe0525d                String::String(char const*)
 .text._ZN6String4copyEPK19__FlashStringHelperj
                0xffe05289       0x49 ./gr_common/core/WString.o
                0xffe05289                String::copy(__FlashStringHelper const*, unsigned int)
 .text._ZN6StringaSERKS_
                0xffe052d2       0x32 ./gr_common/core/WString.o
                0xffe052d2                String::operator=(String const&)
 .text._ZN6StringC2ERKS_
                0xffe05304        0xd ./gr_common/core/WString.o
                0xffe05304                String::String(String const&)
                0xffe05304                String::String(String const&)
 .text._ZN6StringaSEPKc
                0xffe05311       0x38 ./gr_common/core/WString.o
                0xffe05311                String::operator=(char const*)
 .text._ZN6StringC2Ec
                0xffe05349       0x18 ./gr_common/core/WString.o
                0xffe05349                String::String(char)
                0xffe05349                String::String(char)
 .text._ZN6StringC2Ehh
                0xffe05361       0x24 ./gr_common/core/WString.o
                0xffe05361                String::String(unsigned char, unsigned char)
                0xffe05361                String::String(unsigned char, unsigned char)
 .text._ZN6StringC2Eih
                0xffe05385       0x25 ./gr_common/core/WString.o
                0xffe05385                String::String(int, unsigned char)
                0xffe05385                String::String(int, unsigned char)
 .text._ZN6StringC2Ejh
                0xffe053aa       0x25 ./gr_common/core/WString.o
                0xffe053aa                String::String(unsigned int, unsigned char)
                0xffe053aa                String::String(unsigned int, unsigned char)
 .text._ZN6StringC2Elh
                0xffe053cf       0x25 ./gr_common/core/WString.o
                0xffe053cf                String::String(long, unsigned char)
                0xffe053cf                String::String(long, unsigned char)
 .text._ZN6StringC2Emh
                0xffe053f4       0x25 ./gr_common/core/WString.o
                0xffe053f4                String::String(unsigned long, unsigned char)
                0xffe053f4                String::String(unsigned long, unsigned char)
 .text._ZN6StringC2Efh
                0xffe05419       0x32 ./gr_common/core/WString.o
                0xffe05419                String::String(float, unsigned char)
                0xffe05419                String::String(float, unsigned char)
 .text._ZN6StringC2Edh
                0xffe0544b       0x2c ./gr_common/core/WString.o
                0xffe0544b                String::String(double, unsigned char)
                0xffe0544b                String::String(double, unsigned char)
 .text._ZN6StringaSEPK19__FlashStringHelper
                0xffe05477       0x38 ./gr_common/core/WString.o
                0xffe05477                String::operator=(__FlashStringHelper const*)
 .text._ZN6StringC2EPK19__FlashStringHelper
                0xffe054af        0xd ./gr_common/core/WString.o
                0xffe054af                String::String(__FlashStringHelper const*)
                0xffe054af                String::String(__FlashStringHelper const*)
 .text._ZN6String6concatEPKcj
                0xffe054bc       0x4f ./gr_common/core/WString.o
                0xffe054bc                String::concat(char const*, unsigned int)
 .text._ZN6String6concatERKS_
                0xffe0550b        0xb ./gr_common/core/WString.o
                0xffe0550b                String::concat(String const&)
 .text._ZN6String6concatEPKc
                0xffe05516       0x23 ./gr_common/core/WString.o
                0xffe05516                String::concat(char const*)
 .text._ZN6String6concatEc
                0xffe05539       0x11 ./gr_common/core/WString.o
                0xffe05539                String::concat(char)
 .text._ZN6String6concatEh
                0xffe0554a       0x23 ./gr_common/core/WString.o
                0xffe0554a                String::concat(unsigned char)
 .text._ZN6String6concatEi
                0xffe0556d       0x24 ./gr_common/core/WString.o
                0xffe0556d                String::concat(int)
 .text._ZN6String6concatEj
                0xffe05591       0x24 ./gr_common/core/WString.o
                0xffe05591                String::concat(unsigned int)
 .text._ZN6String6concatEl
                0xffe055b5       0x24 ./gr_common/core/WString.o
                0xffe055b5                String::concat(long)
 .text._ZN6String6concatEm
                0xffe055d9       0x24 ./gr_common/core/WString.o
                0xffe055d9                String::concat(unsigned long)
 .text._ZN6String6concatEf
                0xffe055fd       0x2e ./gr_common/core/WString.o
                0xffe055fd                String::concat(float)
 .text._ZN6String6concatEd
                0xffe0562b       0x2c ./gr_common/core/WString.o
                0xffe0562b                String::concat(double)
 .text._ZN6String6concatEPK19__FlashStringHelper
                0xffe05657       0x57 ./gr_common/core/WString.o
                0xffe05657                String::concat(__FlashStringHelper const*)
 .text._ZplRK15StringSumHelperRK6String
                0xffe056ae       0x29 ./gr_common/core/WString.o
                0xffe056ae                operator+(StringSumHelper const&, String const&)
 .text._ZplRK15StringSumHelperPKc
                0xffe056d7       0x37 ./gr_common/core/WString.o
                0xffe056d7                operator+(StringSumHelper const&, char const*)
 .text._ZplRK15StringSumHelperc
                0xffe0570e       0x2e ./gr_common/core/WString.o
                0xffe0570e                operator+(StringSumHelper const&, char)
 .text._ZplRK15StringSumHelperh
                0xffe0573c       0x23 ./gr_common/core/WString.o
                0xffe0573c                operator+(StringSumHelper const&, unsigned char)
 .text._ZplRK15StringSumHelperi
                0xffe0575f       0x23 ./gr_common/core/WString.o
                0xffe0575f                operator+(StringSumHelper const&, int)
 .text._ZplRK15StringSumHelperj
                0xffe05782       0x23 ./gr_common/core/WString.o
                0xffe05782                operator+(StringSumHelper const&, unsigned int)
 .text._ZplRK15StringSumHelperl
                0xffe057a5       0x23 ./gr_common/core/WString.o
                0xffe057a5                operator+(StringSumHelper const&, long)
 .text._ZplRK15StringSumHelperm
                0xffe057c8       0x23 ./gr_common/core/WString.o
                0xffe057c8                operator+(StringSumHelper const&, unsigned long)
 .text._ZplRK15StringSumHelperf
                0xffe057eb       0x23 ./gr_common/core/WString.o
                0xffe057eb                operator+(StringSumHelper const&, float)
 .text._ZplRK15StringSumHelperd
                0xffe0580e       0x23 ./gr_common/core/WString.o
                0xffe0580e                operator+(StringSumHelper const&, double)
 .text._ZplRK15StringSumHelperPK19__FlashStringHelper
                0xffe05831       0x23 ./gr_common/core/WString.o
                0xffe05831                operator+(StringSumHelper const&, __FlashStringHelper const*)
 .text._ZNK6String9compareToERKS_
                0xffe05854       0x42 ./gr_common/core/WString.o
                0xffe05854                String::compareTo(String const&) const
 .text._ZNK6String6equalsERKS_
                0xffe05896       0x19 ./gr_common/core/WString.o
                0xffe05896                String::equals(String const&) const
 .text._ZNK6String6equalsEPKc
                0xffe058af       0x3c ./gr_common/core/WString.o
                0xffe058af                String::equals(char const*) const
 .text._ZNK6StringltERKS_
                0xffe058eb        0x7 ./gr_common/core/WString.o
                0xffe058eb                String::operator<(String const&) const
 .text._ZNK6StringgtERKS_
                0xffe058f2        0xa ./gr_common/core/WString.o
                0xffe058f2                String::operator>(String const&) const
 .text._ZNK6StringleERKS_
                0xffe058fc        0xa ./gr_common/core/WString.o
                0xffe058fc                String::operator<=(String const&) const
 .text._ZNK6StringgeERKS_
                0xffe05906        0xa ./gr_common/core/WString.o
                0xffe05906                String::operator>=(String const&) const
 .text._ZNK6String16equalsIgnoreCaseERKS_
                0xffe05910       0x43 ./gr_common/core/WString.o
                0xffe05910                String::equalsIgnoreCase(String const&) const
 .text._ZNK6String10startsWithERKS_j
                0xffe05953       0x31 ./gr_common/core/WString.o
                0xffe05953                String::startsWith(String const&, unsigned int) const
 .text._ZNK6String10startsWithERKS_
                0xffe05984       0x12 ./gr_common/core/WString.o
                0xffe05984                String::startsWith(String const&) const
 .text._ZNK6String8endsWithERKS_
                0xffe05996       0x3d ./gr_common/core/WString.o
                0xffe05996                String::endsWith(String const&) const
 .text._ZNK6String6charAtEj
                0xffe059d3       0x16 ./gr_common/core/WString.o
                0xffe059d3                String::charAt(unsigned int) const
 .text._ZN6String9setCharAtEjc
                0xffe059e9        0xd ./gr_common/core/WString.o
                0xffe059e9                String::setCharAt(unsigned int, char)
 .text._ZN6StringixEj
                0xffe059f6       0x1b ./gr_common/core/WString.o
                0xffe059f6                String::operator[](unsigned int)
 .text._ZNK6StringixEj
                0xffe05a11       0x17 ./gr_common/core/WString.o
                0xffe05a11                String::operator[](unsigned int) const
 .text._ZNK6String8getBytesEPhjj
                0xffe05a28       0x38 ./gr_common/core/WString.o
                0xffe05a28                String::getBytes(unsigned char*, unsigned int, unsigned int) const
 .text._ZNK6String7indexOfEcj
                0xffe05a60       0x21 ./gr_common/core/WString.o
                0xffe05a60                String::indexOf(char, unsigned int) const
 .text._ZNK6String7indexOfEc
                0xffe05a81        0x6 ./gr_common/core/WString.o
                0xffe05a81                String::indexOf(char) const
 .text._ZNK6String7indexOfERKS_j
                0xffe05a87       0x21 ./gr_common/core/WString.o
                0xffe05a87                String::indexOf(String const&, unsigned int) const
 .text._ZNK6String7indexOfERKS_
                0xffe05aa8        0x6 ./gr_common/core/WString.o
                0xffe05aa8                String::indexOf(String const&) const
 .text._ZNK6String11lastIndexOfEcj
                0xffe05aae       0x34 ./gr_common/core/WString.o
                0xffe05aae                String::lastIndexOf(char, unsigned int) const
 .text._ZNK6String11lastIndexOfEc
                0xffe05ae2        0x8 ./gr_common/core/WString.o
                0xffe05ae2                String::lastIndexOf(char) const
 .text._ZNK6String11lastIndexOfERKS_j
                0xffe05aea       0x56 ./gr_common/core/WString.o
                0xffe05aea                String::lastIndexOf(String const&, unsigned int) const
 .text._ZNK6String11lastIndexOfERKS_
                0xffe05b40        0xb ./gr_common/core/WString.o
                0xffe05b40                String::lastIndexOf(String const&) const
 .text._ZNK6String9substringEjj
                0xffe05b4b       0x48 ./gr_common/core/WString.o
                0xffe05b4b                String::substring(unsigned int, unsigned int) const
 .text._ZN6String7replaceEcc
                0xffe05b93       0x26 ./gr_common/core/WString.o
                0xffe05b93                String::replace(char, char)
 .text._ZN6String7replaceERKS_S1_
                0xffe05bb9      0x128 ./gr_common/core/WString.o
                0xffe05bb9                String::replace(String const&, String const&)
 .text._ZN6String6removeEjj
                0xffe05ce1       0x39 ./gr_common/core/WString.o
                0xffe05ce1                String::remove(unsigned int, unsigned int)
 .text._ZN6String6removeEj
                0xffe05d1a        0xd ./gr_common/core/WString.o
                0xffe05d1a                String::remove(unsigned int)
 .text._ZN6String11toLowerCaseEv
                0xffe05d27       0x19 ./gr_common/core/WString.o
                0xffe05d27                String::toLowerCase()
 .text._ZN6String11toUpperCaseEv
                0xffe05d40       0x19 ./gr_common/core/WString.o
                0xffe05d40                String::toUpperCase()
 .text._ZN6String4trimEv
                0xffe05d59       0x5d ./gr_common/core/WString.o
                0xffe05d59                String::trim()
 .text._ZNK6String5toIntEv
                0xffe05db6        0xa ./gr_common/core/WString.o
                0xffe05db6                String::toInt() const
 .text._ZNK6String7toFloatEv
                0xffe05dc0       0x11 ./gr_common/core/WString.o
                0xffe05dc0                String::toFloat() const
 .text._Z4meanPfi
                0xffe05dd1       0x13 ./gr_common/lib/DSP/DSP.o
                0xffe05dd1                mean(float*, int)
 .text._Z4meanPii
                0xffe05de4       0x13 ./gr_common/lib/DSP/DSP.o
                0xffe05de4                mean(int*, int)
 .text._Z4meanPsi
                0xffe05df7       0x13 ./gr_common/lib/DSP/DSP.o
                0xffe05df7                mean(short*, int)
 .text._ZN11EEPROMClassC2Ev
                0xffe05e0a        0x4 ./gr_common/lib/EEPROM/EEPROM.o
                0xffe05e0a                EEPROMClass::EEPROMClass()
                0xffe05e0a                EEPROMClass::EEPROMClass()
 .text._ZN11EEPROMClass4readEi
                0xffe05e0e       0x29 ./gr_common/lib/EEPROM/EEPROM.o
                0xffe05e0e                EEPROMClass::read(int)
 .text._ZN11EEPROMClass5writeEih
                0xffe05e37      0x138 ./gr_common/lib/EEPROM/EEPROM.o
                0xffe05e37                EEPROMClass::write(int, unsigned char)
 .text.startup._GLOBAL__sub_I__ZN11EEPROMClassC2Ev
                0xffe05f6f        0x4 ./gr_common/lib/EEPROM/EEPROM.o
 .text._ZN12FirmataClass23sendValueAsTwo7bitBytesEi
                0xffe05f73       0x24 ./gr_common/lib/Firmata/Firmata.o
                0xffe05f73                FirmataClass::sendValueAsTwo7bitBytes(int)
 .text._ZN12FirmataClass20printFirmwareVersionEv.part.0
                0xffe05f97       0x62 ./gr_common/lib/Firmata/Firmata.o
 .text._ZN12FirmataClass10startSysexEv
                0xffe05ff9        0xc ./gr_common/lib/Firmata/Firmata.o
                0xffe05ff9                FirmataClass::startSysex()
 .text._ZN12FirmataClass8endSysexEv
                0xffe06005        0xc ./gr_common/lib/Firmata/Firmata.o
                0xffe06005                FirmataClass::endSysex()
 .text._ZN12FirmataClassC2Ev
                0xffe06011       0x35 ./gr_common/lib/Firmata/Firmata.o
                0xffe06011                FirmataClass::FirmataClass()
                0xffe06011                FirmataClass::FirmataClass()
 .text._ZN12FirmataClass12printVersionEv
                0xffe06046       0x26 ./gr_common/lib/Firmata/Firmata.o
                0xffe06046                FirmataClass::printVersion()
 .text._ZN12FirmataClass5beginER6Stream
                0xffe0606c       0x1b ./gr_common/lib/Firmata/Firmata.o
                0xffe0606c                FirmataClass::begin(Stream&)
 .text._ZN12FirmataClass20printFirmwareVersionEv
                0xffe06087        0xc ./gr_common/lib/Firmata/Firmata.o
                0xffe06087                FirmataClass::printFirmwareVersion()
 .text._ZN12FirmataClass25setFirmwareNameAndVersionEPKchh
                0xffe06093       0x6c ./gr_common/lib/Firmata/Firmata.o
                0xffe06093                FirmataClass::setFirmwareNameAndVersion(char const*, unsigned char, unsigned char)
 .text._ZN12FirmataClass9availableEv
                0xffe060ff        0xa ./gr_common/lib/Firmata/Firmata.o
                0xffe060ff                FirmataClass::available()
 .text._ZN12FirmataClass19processSysexMessageEv
                0xffe06109       0x87 ./gr_common/lib/Firmata/Firmata.o
                0xffe06109                FirmataClass::processSysexMessage()
 .text._ZN12FirmataClass12processInputEv
                0xffe06190      0x160 ./gr_common/lib/Firmata/Firmata.o
                0xffe06190                FirmataClass::processInput()
 .text._ZN12FirmataClass10sendAnalogEhi
                0xffe062f0       0x1d ./gr_common/lib/Firmata/Firmata.o
                0xffe062f0                FirmataClass::sendAnalog(unsigned char, int)
 .text._ZN12FirmataClass11sendDigitalEhi
                0xffe0630d        0x1 ./gr_common/lib/Firmata/Firmata.o
                0xffe0630d                FirmataClass::sendDigital(unsigned char, int)
 .text._ZN12FirmataClass15sendDigitalPortEhi
                0xffe0630e       0x2e ./gr_common/lib/Firmata/Firmata.o
                0xffe0630e                FirmataClass::sendDigitalPort(unsigned char, int)
 .text._ZN12FirmataClass9sendSysexEhhPh
                0xffe0633c       0x49 ./gr_common/lib/Firmata/Firmata.o
                0xffe0633c                FirmataClass::sendSysex(unsigned char, unsigned char, unsigned char*)
 .text._ZN12FirmataClass10sendStringEhPKc
                0xffe06385       0x20 ./gr_common/lib/Firmata/Firmata.o
                0xffe06385                FirmataClass::sendString(unsigned char, char const*)
 .text._ZN12FirmataClass10sendStringEPKc
                0xffe063a5        0x9 ./gr_common/lib/Firmata/Firmata.o
                0xffe063a5                FirmataClass::sendString(char const*)
 .text._ZN12FirmataClass5writeEh
                0xffe063ae        0x9 ./gr_common/lib/Firmata/Firmata.o
                0xffe063ae                FirmataClass::write(unsigned char)
 .text._ZN12FirmataClass6attachEhPFvhiE
                0xffe063b7       0x2c ./gr_common/lib/Firmata/Firmata.o
                0xffe063b7                FirmataClass::attach(unsigned char, void (*)(unsigned char, int))
 .text._ZN12FirmataClass6attachEhPFvvE
                0xffe063e3        0x9 ./gr_common/lib/Firmata/Firmata.o
                0xffe063e3                FirmataClass::attach(unsigned char, void (*)())
 .text._ZN12FirmataClass6attachEhPFvPcE
                0xffe063ec        0x9 ./gr_common/lib/Firmata/Firmata.o
                0xffe063ec                FirmataClass::attach(unsigned char, void (*)(char*))
 .text._ZN12FirmataClass6attachEhPFvhhPhE
                0xffe063f5        0x3 ./gr_common/lib/Firmata/Firmata.o
                0xffe063f5                FirmataClass::attach(unsigned char, void (*)(unsigned char, unsigned char, unsigned char*))
 .text._ZN12FirmataClass6detachEh
                0xffe063f8       0x4d ./gr_common/lib/Firmata/Firmata.o
                0xffe063f8                FirmataClass::detach(unsigned char)
 .text._ZN12FirmataClass11systemResetEv
                0xffe06445       0x2f ./gr_common/lib/Firmata/Firmata.o
                0xffe06445                FirmataClass::systemReset()
 .text._ZN12FirmataClass14strobeBlinkPinEiii
                0xffe06474       0x44 ./gr_common/lib/Firmata/Firmata.o
                0xffe06474                FirmataClass::strobeBlinkPin(int, int, int)
 .text._ZN12FirmataClass12blinkVersionEv
                0xffe064b8       0x39 ./gr_common/lib/Firmata/Firmata.o
                0xffe064b8                FirmataClass::blinkVersion()
 .text._ZN12FirmataClass5beginEl
                0xffe064f1       0x33 ./gr_common/lib/Firmata/Firmata.o
                0xffe064f1                FirmataClass::begin(long)
 .text._ZN12FirmataClass5beginEv
                0xffe06524        0x9 ./gr_common/lib/Firmata/Firmata.o
                0xffe06524                FirmataClass::begin()
 .text.startup._GLOBAL__sub_I__ZN12FirmataClass23sendValueAsTwo7bitBytesEi
                0xffe0652d       0x3b ./gr_common/lib/Firmata/Firmata.o
 .text._ZN13LiquidCrystalD2Ev
                0xffe06568        0x7 ./gr_common/lib/LiquidCrystal/LiquidCrystal.o
                0xffe06568                LiquidCrystal::~LiquidCrystal()
                0xffe06568                LiquidCrystal::~LiquidCrystal()
 .text._ZN13LiquidCrystalD0Ev
                0xffe0656f        0xa ./gr_common/lib/LiquidCrystal/LiquidCrystal.o
                0xffe0656f                LiquidCrystal::~LiquidCrystal()
 .text._ZN13LiquidCrystal11pulseEnableEv
                0xffe06579       0x31 ./gr_common/lib/LiquidCrystal/LiquidCrystal.o
                0xffe06579                LiquidCrystal::pulseEnable()
 .text._ZN13LiquidCrystal10write4bitsEh
                0xffe065aa       0x31 ./gr_common/lib/LiquidCrystal/LiquidCrystal.o
                0xffe065aa                LiquidCrystal::write4bits(unsigned char)
 .text._ZN13LiquidCrystal10write8bitsEh
                0xffe065db       0x31 ./gr_common/lib/LiquidCrystal/LiquidCrystal.o
                0xffe065db                LiquidCrystal::write8bits(unsigned char)
 .text._ZN13LiquidCrystal4sendEhh
                0xffe0660c       0x41 ./gr_common/lib/LiquidCrystal/LiquidCrystal.o
                0xffe0660c                LiquidCrystal::send(unsigned char, unsigned char)
 .text._ZN13LiquidCrystal5clearEv
                0xffe0664d       0x10 ./gr_common/lib/LiquidCrystal/LiquidCrystal.o
                0xffe0664d                LiquidCrystal::clear()
 .text._ZN13LiquidCrystal4homeEv
                0xffe0665d       0x10 ./gr_common/lib/LiquidCrystal/LiquidCrystal.o
                0xffe0665d                LiquidCrystal::home()
 .text._ZN13LiquidCrystal9setCursorEhh
                0xffe0666d       0x39 ./gr_common/lib/LiquidCrystal/LiquidCrystal.o
                0xffe0666d                LiquidCrystal::setCursor(unsigned char, unsigned char)
 .text._ZN13LiquidCrystal9noDisplayEv
                0xffe066a6        0xe ./gr_common/lib/LiquidCrystal/LiquidCrystal.o
                0xffe066a6                LiquidCrystal::noDisplay()
 .text._ZN13LiquidCrystal7displayEv
                0xffe066b4       0x10 ./gr_common/lib/LiquidCrystal/LiquidCrystal.o
                0xffe066b4                LiquidCrystal::display()
 .text._ZN13LiquidCrystal5beginEhhh
                0xffe066c4       0xe7 ./gr_common/lib/LiquidCrystal/LiquidCrystal.o
                0xffe066c4                LiquidCrystal::begin(unsigned char, unsigned char, unsigned char)
 .text._ZN13LiquidCrystal4initEhhhhhhhhhhhh
                0xffe067ab       0x7e ./gr_common/lib/LiquidCrystal/LiquidCrystal.o
                0xffe067ab                LiquidCrystal::init(unsigned char, unsigned char, unsigned char, unsigned char, unsigned char, unsigned char, unsigned char, unsigned char, unsigned char, unsigned char, unsigned char, unsigned char)
 .text._ZN13LiquidCrystalC2Ehhhhhhhhhhh
                0xffe06829       0x53 ./gr_common/lib/LiquidCrystal/LiquidCrystal.o
                0xffe06829                LiquidCrystal::LiquidCrystal(unsigned char, unsigned char, unsigned char, unsigned char, unsigned char, unsigned char, unsigned char, unsigned char, unsigned char, unsigned char, unsigned char)
                0xffe06829                LiquidCrystal::LiquidCrystal(unsigned char, unsigned char, unsigned char, unsigned char, unsigned char, unsigned char, unsigned char, unsigned char, unsigned char, unsigned char, unsigned char)
 .text._ZN13LiquidCrystalC2Ehhhhhhhhhh
                0xffe0687c       0x4e ./gr_common/lib/LiquidCrystal/LiquidCrystal.o
                0xffe0687c                LiquidCrystal::LiquidCrystal(unsigned char, unsigned char, unsigned char, unsigned char, unsigned char, unsigned char, unsigned char, unsigned char, unsigned char, unsigned char)
                0xffe0687c                LiquidCrystal::LiquidCrystal(unsigned char, unsigned char, unsigned char, unsigned char, unsigned char, unsigned char, unsigned char, unsigned char, unsigned char, unsigned char)
 .text._ZN13LiquidCrystalC2Ehhhhhhh
                0xffe068ca       0x49 ./gr_common/lib/LiquidCrystal/LiquidCrystal.o
                0xffe068ca                LiquidCrystal::LiquidCrystal(unsigned char, unsigned char, unsigned char, unsigned char, unsigned char, unsigned char, unsigned char)
                0xffe068ca                LiquidCrystal::LiquidCrystal(unsigned char, unsigned char, unsigned char, unsigned char, unsigned char, unsigned char, unsigned char)
 .text._ZN13LiquidCrystalC2Ehhhhhh
                0xffe06913       0x42 ./gr_common/lib/LiquidCrystal/LiquidCrystal.o
                0xffe06913                LiquidCrystal::LiquidCrystal(unsigned char, unsigned char, unsigned char, unsigned char, unsigned char, unsigned char)
                0xffe06913                LiquidCrystal::LiquidCrystal(unsigned char, unsigned char, unsigned char, unsigned char, unsigned char, unsigned char)
 .text._ZN13LiquidCrystal8noCursorEv
                0xffe06955        0xe ./gr_common/lib/LiquidCrystal/LiquidCrystal.o
                0xffe06955                LiquidCrystal::noCursor()
 .text._ZN13LiquidCrystal6cursorEv
                0xffe06963       0x10 ./gr_common/lib/LiquidCrystal/LiquidCrystal.o
                0xffe06963                LiquidCrystal::cursor()
 .text._ZN13LiquidCrystal7noBlinkEv
                0xffe06973        0xe ./gr_common/lib/LiquidCrystal/LiquidCrystal.o
                0xffe06973                LiquidCrystal::noBlink()
 .text._ZN13LiquidCrystal5blinkEv
                0xffe06981       0x10 ./gr_common/lib/LiquidCrystal/LiquidCrystal.o
                0xffe06981                LiquidCrystal::blink()
 .text._ZN13LiquidCrystal17scrollDisplayLeftEv
                0xffe06991        0x9 ./gr_common/lib/LiquidCrystal/LiquidCrystal.o
                0xffe06991                LiquidCrystal::scrollDisplayLeft()
 .text._ZN13LiquidCrystal18scrollDisplayRightEv
                0xffe0699a        0x9 ./gr_common/lib/LiquidCrystal/LiquidCrystal.o
                0xffe0699a                LiquidCrystal::scrollDisplayRight()
 .text._ZN13LiquidCrystal11leftToRightEv
                0xffe069a3       0x10 ./gr_common/lib/LiquidCrystal/LiquidCrystal.o
                0xffe069a3                LiquidCrystal::leftToRight()
 .text._ZN13LiquidCrystal11rightToLeftEv
                0xffe069b3        0xe ./gr_common/lib/LiquidCrystal/LiquidCrystal.o
                0xffe069b3                LiquidCrystal::rightToLeft()
 .text._ZN13LiquidCrystal10autoscrollEv
                0xffe069c1       0x10 ./gr_common/lib/LiquidCrystal/LiquidCrystal.o
                0xffe069c1                LiquidCrystal::autoscroll()
 .text._ZN13LiquidCrystal12noAutoscrollEv
                0xffe069d1        0xe ./gr_common/lib/LiquidCrystal/LiquidCrystal.o
                0xffe069d1                LiquidCrystal::noAutoscroll()
 .text._ZN13LiquidCrystal10createCharEhPh
                0xffe069df       0x28 ./gr_common/lib/LiquidCrystal/LiquidCrystal.o
                0xffe069df                LiquidCrystal::createChar(unsigned char, unsigned char*)
 .text._ZN13LiquidCrystal5writeEh
                0xffe06a07        0x9 ./gr_common/lib/LiquidCrystal/LiquidCrystal.o
                0xffe06a07                LiquidCrystal::write(unsigned char)
 .text._ZN3RTCC2Ev
                0xffe06a10        0x1 ./gr_common/lib/RTC/RTC.o
                0xffe06a10                RTC::RTC()
                0xffe06a10                RTC::RTC()
 .text._ZN3RTCD2Ev
                0xffe06a11        0x4 ./gr_common/lib/RTC/RTC.o
                0xffe06a11                RTC::~RTC()
                0xffe06a11                RTC::~RTC()
 .text._ZN3RTC5beginEv
                0xffe06a15        0xa ./gr_common/lib/RTC/RTC.o
                0xffe06a15                RTC::begin()
 .text._ZN3RTC3endEv
                0xffe06a1f        0xa ./gr_common/lib/RTC/RTC.o
                0xffe06a1f                RTC::end()
 .text._ZN3RTC11setDateTimeEiiiiiii
                0xffe06a29       0xa9 ./gr_common/lib/RTC/RTC.o
                0xffe06a29                RTC::setDateTime(int, int, int, int, int, int, int)
 .text._ZN3RTC11getDateTimeERiS0_S0_S0_S0_S0_S0_
                0xffe06ad2       0x5e ./gr_common/lib/RTC/RTC.o
                0xffe06ad2                RTC::getDateTime(int&, int&, int&, int&, int&, int&, int&)
 .text._ZN3RTC7getYearEv
                0xffe06b30        0x4 ./gr_common/lib/RTC/RTC.o
                0xffe06b30                RTC::getYear()
 .text._ZN3RTC6getMonEv
                0xffe06b34        0x4 ./gr_common/lib/RTC/RTC.o
                0xffe06b34                RTC::getMon()
 .text._ZN3RTC6getDayEv
                0xffe06b38        0x4 ./gr_common/lib/RTC/RTC.o
                0xffe06b38                RTC::getDay()
 .text._ZN3RTC7getHourEv
                0xffe06b3c        0x4 ./gr_common/lib/RTC/RTC.o
                0xffe06b3c                RTC::getHour()
 .text._ZN3RTC6getMinEv
                0xffe06b40        0x4 ./gr_common/lib/RTC/RTC.o
                0xffe06b40                RTC::getMin()
 .text._ZN3RTC9getSecondEv
                0xffe06b44        0x4 ./gr_common/lib/RTC/RTC.o
                0xffe06b44                RTC::getSecond()
 .text._ZN3RTC10getWeekdayEv
                0xffe06b48        0x4 ./gr_common/lib/RTC/RTC.o
                0xffe06b48                RTC::getWeekday()
 .text._ZN3RTC18attachAlarmHandlerEPFvvE
                0xffe06b4c        0x6 ./gr_common/lib/RTC/RTC.o
                0xffe06b4c                RTC::attachAlarmHandler(void (*)())
 .text._ZN3RTC12setAlarmTimeEiii
                0xffe06b52       0x10 ./gr_common/lib/RTC/RTC.o
                0xffe06b52                RTC::setAlarmTime(int, int, int)
 .text._ZN3RTC7alarmOnEv
                0xffe06b62        0x4 ./gr_common/lib/RTC/RTC.o
                0xffe06b62                RTC::alarmOn()
 .text._ZN3RTC8alarmOffEv
                0xffe06b66        0x4 ./gr_common/lib/RTC/RTC.o
                0xffe06b66                RTC::alarmOff()
 .text._Z8rtc_initv
                0xffe06b6a       0x8d ./gr_common/lib/RTC/utility/RX63_RTC.o
                0xffe06b6a                rtc_init()
 .text._Z10rtc_deinitv
                0xffe06bf7       0x1c ./gr_common/lib/RTC/utility/RX63_RTC.o
                0xffe06bf7                rtc_deinit()
 .text._Z12rtc_set_timeP15tagRTC_TIMETYPE
                0xffe06c13      0x13b ./gr_common/lib/RTC/utility/RX63_RTC.o
                0xffe06c13                rtc_set_time(tagRTC_TIMETYPE*)
 .text._Z12rtc_get_timeP15tagRTC_TIMETYPE
                0xffe06d4e       0xa7 ./gr_common/lib/RTC/utility/RX63_RTC.o
                0xffe06d4e                rtc_get_time(tagRTC_TIMETYPE*)
 .text._Z12rtc_get_yearv
                0xffe06df5       0x18 ./gr_common/lib/RTC/utility/RX63_RTC.o
                0xffe06df5                rtc_get_year()
 .text._Z11rtc_get_monv
                0xffe06e0d       0x16 ./gr_common/lib/RTC/utility/RX63_RTC.o
                0xffe06e0d                rtc_get_mon()
 .text._Z11rtc_get_dayv
                0xffe06e23       0x16 ./gr_common/lib/RTC/utility/RX63_RTC.o
                0xffe06e23                rtc_get_day()
 .text._Z12rtc_get_hourv
                0xffe06e39       0x16 ./gr_common/lib/RTC/utility/RX63_RTC.o
                0xffe06e39                rtc_get_hour()
 .text._Z11rtc_get_minv
                0xffe06e4f       0x16 ./gr_common/lib/RTC/utility/RX63_RTC.o
                0xffe06e4f                rtc_get_min()
 .text._Z14rtc_get_secondv
                0xffe06e65       0x16 ./gr_common/lib/RTC/utility/RX63_RTC.o
                0xffe06e65                rtc_get_second()
 .text._Z15rtc_get_weekdayv
                0xffe06e7b       0x16 ./gr_common/lib/RTC/utility/RX63_RTC.o
                0xffe06e7b                rtc_get_weekday()
 .text._Z24rtc_attach_alarm_handlerPFvvE
                0xffe06e91        0x9 ./gr_common/lib/RTC/utility/RX63_RTC.o
                0xffe06e91                rtc_attach_alarm_handler(void (*)())
 .text._Z18rtc_set_alarm_timeiii
                0xffe06e9a       0xbf ./gr_common/lib/RTC/utility/RX63_RTC.o
                0xffe06e9a                rtc_set_alarm_time(int, int, int)
 .text._Z12rtc_alarm_onv
                0xffe06f59       0x17 ./gr_common/lib/RTC/utility/RX63_RTC.o
                0xffe06f59                rtc_alarm_on()
 .text._Z13rtc_alarm_offv
                0xffe06f70       0x17 ./gr_common/lib/RTC/utility/RX63_RTC.o
                0xffe06f70                rtc_alarm_off()
 .text.INT_Excep_RTC_ALM
                0xffe06f87       0x33 ./gr_common/lib/RTC/utility/RX63_RTC.o
                0xffe06f87                INT_Excep_RTC_ALM
 .text._ZN4FileD2Ev
                0xffe06fba        0x7 ./gr_common/lib/SD/File.o
                0xffe06fba                File::~File()
                0xffe06fba                File::~File()
 .text._ZN4File5writeEh
                0xffe06fc1       0x11 ./gr_common/lib/SD/File.o
                0xffe06fc1                File::write(unsigned char)
 .text._ZN4File9availableEv
                0xffe06fd2       0x19 ./gr_common/lib/SD/File.o
                0xffe06fd2                File::available()
 .text._ZN4FileD0Ev
                0xffe06feb        0xa ./gr_common/lib/SD/File.o
                0xffe06feb                File::~File()
 .text._ZN4File5writeEPKhm
                0xffe06ff5       0x26 ./gr_common/lib/SD/File.o
                0xffe06ff5                File::write(unsigned char const*, unsigned long)
 .text._ZN4File4readEv
                0xffe0701b       0x20 ./gr_common/lib/SD/File.o
                0xffe0701b                File::read()
 .text._ZN4File4peekEv
                0xffe0703b       0x2e ./gr_common/lib/SD/File.o
                0xffe0703b                File::peek()
 .text._ZN4File5flushEv
                0xffe07069        0xa ./gr_common/lib/SD/File.o
                0xffe07069                File::flush()
 .text._ZN4FileC2E6SdFilePKc
                0xffe07073       0x3d ./gr_common/lib/SD/File.o
                0xffe07073                File::File(SdFile, char const*)
                0xffe07073                File::File(SdFile, char const*)
 .text._ZN4FileC2Ev
                0xffe070b0       0x15 ./gr_common/lib/SD/File.o
                0xffe070b0                File::File()
                0xffe070b0                File::File()
 .text._ZN4File4nameEv
                0xffe070c5        0x4 ./gr_common/lib/SD/File.o
                0xffe070c5                File::name()
 .text._ZN4File11isDirectoryEv
                0xffe070c9        0xf ./gr_common/lib/SD/File.o
                0xffe070c9                File::isDirectory()
 .text._ZN4File4readEPvt
                0xffe070d8        0xa ./gr_common/lib/SD/File.o
                0xffe070d8                File::read(void*, unsigned short)
 .text._ZN4File4seekEm
                0xffe070e2       0x11 ./gr_common/lib/SD/File.o
                0xffe070e2                File::seek(unsigned long)
 .text._ZN4File8positionEv
                0xffe070f3        0xe ./gr_common/lib/SD/File.o
                0xffe070f3                File::position()
 .text._ZN4File4sizeEv
                0xffe07101        0x8 ./gr_common/lib/SD/File.o
                0xffe07101                File::size()
 .text._ZN4File5closeEv
                0xffe07109       0x1a ./gr_common/lib/SD/File.o
                0xffe07109                File::close()
 .text._ZN4FilecvbEv
                0xffe07123        0xf ./gr_common/lib/SD/File.o
                0xffe07123                File::operator bool()
 .text._Z19callback_pathExistsR6SdFilePcbPv
                0xffe07132       0x32 ./gr_common/lib/SD/SD.o
                0xffe07132                callback_pathExists(SdFile&, char*, bool, void*)
 .text._Z20callback_makeDirPathR6SdFilePcbPv
                0xffe07164       0x35 ./gr_common/lib/SD/SD.o
                0xffe07164                callback_makeDirPath(SdFile&, char*, bool, void*)
 .text._Z14callback_rmdirR6SdFilePcbPv
                0xffe07199       0x3d ./gr_common/lib/SD/SD.o
                0xffe07199                callback_rmdir(SdFile&, char*, bool, void*)
 .text._Z15callback_removeR6SdFilePcbPv
                0xffe071d6       0x16 ./gr_common/lib/SD/SD.o
                0xffe071d6                callback_remove(SdFile&, char*, bool, void*)
 .text._Z20getNextPathComponentPKcPjPc
                0xffe071ec       0x58 ./gr_common/lib/SD/SD.o
                0xffe071ec                getNextPathComponent(char const*, unsigned int*, char*)
 .text._Z8walkPathPKcR6SdFilePFbS2_PcbPvES4_
                0xffe07244       0xb7 ./gr_common/lib/SD/SD.o
                0xffe07244                walkPath(char const*, SdFile&, bool (*)(SdFile&, char*, bool, void*), void*)
 .text._ZN7SDClass5beginEh
                0xffe072fb       0x49 ./gr_common/lib/SD/SD.o
                0xffe072fb                SDClass::begin(unsigned char)
 .text._ZN7SDClass12getParentDirEPKcPi
                0xffe07344       0xf4 ./gr_common/lib/SD/SD.o
                0xffe07344                SDClass::getParentDir(char const*, int*)
 .text._ZN7SDClass4openEPKch
                0xffe07438      0x10a ./gr_common/lib/SD/SD.o
                0xffe07438                SDClass::open(char const*, unsigned char)
 .text._ZN7SDClass6existsEPKc
                0xffe07542       0x13 ./gr_common/lib/SD/SD.o
                0xffe07542                SDClass::exists(char const*)
 .text._ZN7SDClass5mkdirEPKc
                0xffe07555       0x13 ./gr_common/lib/SD/SD.o
                0xffe07555                SDClass::mkdir(char const*)
 .text._ZN7SDClass5rmdirEPKc
                0xffe07568       0x13 ./gr_common/lib/SD/SD.o
                0xffe07568                SDClass::rmdir(char const*)
 .text._ZN7SDClass6removeEPKc
                0xffe0757b       0x13 ./gr_common/lib/SD/SD.o
                0xffe0757b                SDClass::remove(char const*)
 .text._ZN4File12openNextFileEh
                0xffe0758e       0xb0 ./gr_common/lib/SD/SD.o
                0xffe0758e                File::openNextFile(unsigned char)
 .text._ZN4File15rewindDirectoryEv
                0xffe0763e       0x1a ./gr_common/lib/SD/SD.o
                0xffe0763e                File::rewindDirectory()
 .text.startup._GLOBAL__sub_I__Z20getNextPathComponentPKcPjPc
                0xffe07658       0x2e ./gr_common/lib/SD/SD.o
 .text._ZN7Sd2Card10setSckRateEh.part.7
                0xffe07686       0x66 ./gr_common/lib/SD/utility/Sd2Card.o
 .text._ZN7Sd2Card14chipSelectHighEv
                0xffe076ec       0x35 ./gr_common/lib/SD/utility/Sd2Card.o
                0xffe076ec                Sd2Card::chipSelectHigh()
 .text._ZN7Sd2Card7readEndEv.part.6
                0xffe07721       0x59 ./gr_common/lib/SD/utility/Sd2Card.o
 .text._ZN7Sd2Card13chipSelectLowEv
                0xffe0777a       0x50 ./gr_common/lib/SD/utility/Sd2Card.o
                0xffe0777a                Sd2Card::chipSelectLow()
 .text._ZN7Sd2Card16partialBlockReadEh
                0xffe077ca       0x19 ./gr_common/lib/SD/utility/Sd2Card.o
                0xffe077ca                Sd2Card::partialBlockRead(unsigned char)
 .text._ZN7Sd2Card7readEndEv
                0xffe077e3        0xb ./gr_common/lib/SD/utility/Sd2Card.o
                0xffe077e3                Sd2Card::readEnd()
 .text._ZN7Sd2Card10setSckRateEh
                0xffe077ee       0x12 ./gr_common/lib/SD/utility/Sd2Card.o
                0xffe077ee                Sd2Card::setSckRate(unsigned char)
 .text._ZN7Sd2Card11waitNotBusyEt
                0xffe07800       0x65 ./gr_common/lib/SD/utility/Sd2Card.o
                0xffe07800                Sd2Card::waitNotBusy(unsigned short)
 .text._ZN7Sd2Card11cardCommandEhm
                0xffe07865      0x151 ./gr_common/lib/SD/utility/Sd2Card.o
                0xffe07865                Sd2Card::cardCommand(unsigned char, unsigned long)
 .text._ZN7Sd2Card4initEhh
                0xffe079b6      0x274 ./gr_common/lib/SD/utility/Sd2Card.o